[    0.000000] Linux version 4.15.0-46-generic (buildd@lgw01-amd64-038) (gcc version 7.3.0 (Ubuntu 7.3.0-16ubuntu3)) #49-Ubuntu SMP Wed Feb 6 09:33:07 UTC 2019 (Ubuntu 4.15.0-46.49-generic 4.15.18)
[    0.000000] Command line: BOOT_IMAGE=/boot/vmlinuz-4.15.0-46-generic root=LABEL=cloudimg-rootfs ro console=tty1 console=ttyS0
[    0.000000] KERNEL supported cpus:
[    0.000000]   Intel GenuineIntel
[    0.000000]   AMD AuthenticAMD
[    0.000000]   Centaur CentaurHauls
[    0.000000] x86/fpu: Supporting XSAVE feature 0x001: 'x87 floating point registers'
[    0.000000] x86/fpu: Supporting XSAVE feature 0x002: 'SSE registers'
[    0.000000] x86/fpu: Supporting XSAVE feature 0x004: 'AVX registers'
[    0.000000] x86/fpu: xstate_offset[2]:  576, xstate_sizes[2]:  256
[    0.000000] x86/fpu: Enabled xstate features 0x7, context size is 832 bytes, using 'standard' format.
[    0.000000] e820: BIOS-provided physical RAM map:
[    0.000000] BIOS-e820: [mem 0x0000000000000000-0x000000000009fbff] usable
[    0.000000] BIOS-e820: [mem 0x000000000009fc00-0x000000000009ffff] reserved
[    0.000000] BIOS-e820: [mem 0x00000000000f0000-0x00000000000fffff] reserved
[    0.000000] BIOS-e820: [mem 0x0000000000100000-0x000000007ffeffff] usable
[    0.000000] BIOS-e820: [mem 0x000000007fff0000-0x000000007fffffff] ACPI data
[    0.000000] BIOS-e820: [mem 0x00000000fec00000-0x00000000fec00fff] reserved
[    0.000000] BIOS-e820: [mem 0x00000000fee00000-0x00000000fee00fff] reserved
[    0.000000] BIOS-e820: [mem 0x00000000fffc0000-0x00000000ffffffff] reserved
[    0.000000] NX (Execute Disable) protection: active
[    0.000000] SMBIOS 2.5 present.
[    0.000000] DMI: innotek GmbH VirtualBox/VirtualBox, BIOS VirtualBox 12/01/2006
[    0.000000] Hypervisor detected: KVM
[    0.000000] e820: last_pfn = 0x7fff0 max_arch_pfn = 0x400000000
[    0.000000] MTRR: Disabled
[    0.000000] x86/PAT: MTRRs disabled, skipping PAT initialization too.
[    0.000000] CPU MTRRs all blank - virtualized system.
[    0.000000] x86/PAT: Configuration [0-7]: WB  WT  UC- UC  WB  WT  UC- UC  
[    0.000000] found SMP MP-table at [mem 0x0009fff0-0x0009ffff] mapped at [        (ptrval)]
[    0.000000] Scanning 1 areas for low memory corruption
[    0.000000] RAMDISK: [mem 0x35adf000-0x36d66fff]
[    0.000000] ACPI: Early table checksum verification disabled
[    0.000000] ACPI: RSDP 0x00000000000E0000 000024 (v02 VBOX  )
[    0.000000] ACPI: XSDT 0x000000007FFF0030 00003C (v01 VBOX   VBOXXSDT 00000001 ASL  00000061)
[    0.000000] ACPI: FACP 0x000000007FFF00F0 0000F4 (v04 VBOX   VBOXFACP 00000001 ASL  00000061)
[    0.000000] ACPI: DSDT 0x000000007FFF0470 0022EA (v02 VBOX   VBOXBIOS 00000002 INTL 20100528)
[    0.000000] ACPI: FACS 0x000000007FFF0200 000040
[    0.000000] ACPI: FACS 0x000000007FFF0200 000040
[    0.000000] ACPI: APIC 0x000000007FFF0240 00005C (v02 VBOX   VBOXAPIC 00000001 ASL  00000061)
[    0.000000] ACPI: SSDT 0x000000007FFF02A0 0001CC (v01 VBOX   VBOXCPUT 00000002 INTL 20100528)
[    0.000000] No NUMA configuration found
[    0.000000] Faking a node at [mem 0x0000000000000000-0x000000007ffeffff]
[    0.000000] NODE_DATA(0) allocated [mem 0x7ffc5000-0x7ffeffff]
[    0.000000] kvm-clock: cpu 0, msr 0:7ff44001, primary cpu clock
[    0.000000] kvm-clock: Using msrs 4b564d01 and 4b564d00
[    0.000000] kvm-clock: using sched offset of 7208312528 cycles
[    0.000000] clocksource: kvm-clock: mask: 0xffffffffffffffff max_cycles: 0x1cd42e4dffb, max_idle_ns: 881590591483 ns
[    0.000000] Zone ranges:
[    0.000000]   DMA      [mem 0x0000000000001000-0x0000000000ffffff]
[    0.000000]   DMA32    [mem 0x0000000001000000-0x000000007ffeffff]
[    0.000000]   Normal   empty
[    0.000000]   Device   empty
[    0.000000] Movable zone start for each node
[    0.000000] Early memory node ranges
[    0.000000]   node   0: [mem 0x0000000000001000-0x000000000009efff]
[    0.000000]   node   0: [mem 0x0000000000100000-0x000000007ffeffff]
[    0.000000] Reserved but unavailable: 114 pages
[    0.000000] Initmem setup node 0 [mem 0x0000000000001000-0x000000007ffeffff]
[    0.000000] ACPI: PM-Timer IO Port: 0x4008
[    0.000000] IOAPIC[0]: apic_id 2, version 32, address 0xfec00000, GSI 0-23
[    0.000000] ACPI: INT_SRC_OVR (bus 0 bus_irq 0 global_irq 2 dfl dfl)
[    0.000000] ACPI: INT_SRC_OVR (bus 0 bus_irq 9 global_irq 9 low level)
[    0.000000] Using ACPI (MADT) for SMP configuration information
[    0.000000] smpboot: Allowing 2 CPUs, 0 hotplug CPUs
[    0.000000] PM: Registered nosave memory: [mem 0x00000000-0x00000fff]
[    0.000000] PM: Registered nosave memory: [mem 0x0009f000-0x0009ffff]
[    0.000000] PM: Registered nosave memory: [mem 0x000a0000-0x000effff]
[    0.000000] PM: Registered nosave memory: [mem 0x000f0000-0x000fffff]
[    0.000000] e820: [mem 0x80000000-0xfebfffff] available for PCI devices
[    0.000000] Booting paravirtualized kernel on KVM
[    0.000000] clocksource: refined-jiffies: mask: 0xffffffff max_cycles: 0xffffffff, max_idle_ns: 7645519600211568 ns
[    0.000000] random: get_random_bytes called from start_kernel+0x99/0x4fd with crng_init=0
[    0.000000] setup_percpu: NR_CPUS:8192 nr_cpumask_bits:2 nr_cpu_ids:2 nr_node_ids:1
[    0.000000] percpu: Embedded 46 pages/cpu @        (ptrval) s151552 r8192 d28672 u1048576
[    0.000000] PV qspinlock hash table entries: 256 (order: 0, 4096 bytes)
[    0.000000] Built 1 zonelists, mobility grouping on.  Total pages: 515961
[    0.000000] Policy zone: DMA32
[    0.000000] Kernel command line: BOOT_IMAGE=/boot/vmlinuz-4.15.0-46-generic root=LABEL=cloudimg-rootfs ro console=tty1 console=ttyS0
[    0.000000] Memory: 2015800K/2096696K available (12300K kernel code, 2473K rwdata, 4252K rodata, 2408K init, 2416K bss, 80896K reserved, 0K cma-reserved)
[    0.000000] SLUB: HWalign=64, Order=0-3, MinObjects=0, CPUs=2, Nodes=1
[    0.000000] Kernel/User page tables isolation: enabled
[    0.000000] ftrace: allocating 39198 entries in 154 pages
[    0.004000] Hierarchical RCU implementation.
[    0.004000] 	RCU restricting CPUs from NR_CPUS=8192 to nr_cpu_ids=2.
[    0.004000] 	Tasks RCU enabled.
[    0.004000] RCU: Adjusting geometry for rcu_fanout_leaf=16, nr_cpu_ids=2
[    0.004000] NR_IRQS: 524544, nr_irqs: 440, preallocated irqs: 16
[    0.004000] Console: colour VGA+ 80x25
[    0.004000] console [tty1] enabled
[    0.004000] console [ttyS0] enabled
[    0.004000] ACPI: Core revision 20170831
[    0.004000] ACPI: 2 ACPI AML tables successfully acquired and loaded
[    0.004000] APIC: Switch to symmetric I/O mode setup
[    0.004000] x2apic enabled
[    0.004000] Switched APIC routing to physical x2apic.
[    0.004193] ..TIMER: vector=0x30 apic1=0 pin1=2 apic2=-1 pin2=-1
[    0.008002] tsc: Detected 2903.998 MHz processor
[    0.009244] Calibrating delay loop (skipped) preset value.. 5807.99 BogoMIPS (lpj=11615992)
[    0.012003] pid_max: default: 32768 minimum: 301
[    0.013510] Security Framework initialized
[    0.016005] Yama: becoming mindful.
[    0.017087] AppArmor: AppArmor initialized
[    0.020000] Dentry cache hash table entries: 262144 (order: 9, 2097152 bytes)
[    0.021950] Inode-cache hash table entries: 131072 (order: 8, 1048576 bytes)
[    0.024023] Mount-cache hash table entries: 4096 (order: 3, 32768 bytes)
[    0.028005] Mountpoint-cache hash table entries: 4096 (order: 3, 32768 bytes)
[    0.030194] mce: CPU supports 0 MCE banks
[    0.032024] Last level iTLB entries: 4KB 64, 2MB 8, 4MB 8
[    0.033872] Last level dTLB entries: 4KB 64, 2MB 0, 4MB 0, 1GB 4
[    0.036004] Spectre V2 : Mitigation: Full generic retpoline
[    0.037478] Spectre V2 : Spectre v2 / SpectreRSB mitigation: Filling RSB on context switch
[    0.039643] Speculative Store Bypass: Vulnerable
[    0.040087] Freeing SMP alternatives memory: 36K
[    0.048000] smpboot: CPU0: Intel(R) Core(TM) i5-6267U CPU @ 2.90GHz (family: 0x6, model: 0x4e, stepping: 0x3)
[    0.048000] Performance Events: unsupported p6 CPU model 78 no PMU driver, software events only.
[    0.048035] Hierarchical SRCU implementation.
[    0.049804] NMI watchdog: Perf event create on CPU 0 failed with -2
[    0.052002] NMI watchdog: Perf NMI watchdog permanently disabled
[    0.053602] smp: Bringing up secondary CPUs ...
[    0.056112] x86: Booting SMP configuration:
[    0.057308] .... node  #0, CPUs:      #1
[    0.004000] kvm-clock: cpu 1, msr 0:7ff44041, secondary cpu clock
[    0.004000] mce: CPU supports 0 MCE banks
[    0.063636] smp: Brought up 1 node, 2 CPUs
[    0.064005] smpboot: Max logical packages: 1
[    0.065169] smpboot: Total of 2 processors activated (11615.99 BogoMIPS)
[    0.068183] devtmpfs: initialized
[    0.069298] x86/mm: Memory block size: 128MB
[    0.072243] evm: security.selinux
[    0.073335] evm: security.SMACK64
[    0.074382] evm: security.SMACK64EXEC
[    0.076003] evm: security.SMACK64TRANSMUTE
[    0.077113] evm: security.SMACK64MMAP
[    0.078108] evm: security.apparmor
[    0.079039] evm: security.ima
[    0.080003] evm: security.capability
[    0.081031] clocksource: jiffies: mask: 0xffffffff max_cycles: 0xffffffff, max_idle_ns: 7645041785100000 ns
[    0.084013] futex hash table entries: 512 (order: 3, 32768 bytes)
[    0.085717] pinctrl core: initialized pinctrl subsystem
[    0.088127] RTC time: 12:42:53, date: 03/18/19
[    0.089691] NET: Registered protocol family 16
[    0.091587] audit: initializing netlink subsys (disabled)
[    0.093720] audit: type=2000 audit(1552912982.382:1): state=initialized audit_enabled=0 res=1
[    0.096015] cpuidle: using governor ladder
[    0.097261] cpuidle: using governor menu
[    0.098363] ACPI: bus type PCI registered
[    0.099496] acpiphp: ACPI Hot Plug PCI Controller Driver version: 0.5
[    0.100124] PCI: Using configuration type 1 for base access
[    0.106320] HugeTLB registered 2.00 MiB page size, pre-allocated 0 pages
[    0.108087] ACPI: Added _OSI(Module Device)
[    0.109526] ACPI: Added _OSI(Processor Device)
[    0.112008] ACPI: Added _OSI(3.0 _SCP Extensions)
[    0.113959] ACPI: Added _OSI(Processor Aggregator Device)
[    0.115500] ACPI: Added _OSI(Linux-Dell-Video)
[    0.116010] ACPI: Added _OSI(Linux-Lenovo-NV-HDMI-Audio)
[    0.117431] ACPI: Added _OSI(Linux-HPI-Hybrid-Graphics)
[    0.120497] ACPI: Executed 1 blocks of module-level executable AML code
[    0.125927] ACPI: Interpreter enabled
[    0.127315] ACPI: (supports S0 S5)
[    0.128003] ACPI: Using IOAPIC for interrupt routing
[    0.129538] PCI: Using host bridge windows from ACPI; if necessary, use "pci=nocrs" and report a bug
[    0.132246] ACPI: Enabled 2 GPEs in block 00 to 07
[    0.141766] ACPI: PCI Root Bridge [PCI0] (domain 0000 [bus 00-ff])
[    0.144008] acpi PNP0A03:00: _OSC: OS supports [ASPM ClockPM Segments MSI]
[    0.146233] acpi PNP0A03:00: _OSC: not requesting OS control; OS requires [ExtendedConfig ASPM ClockPM MSI]
[    0.148015] acpi PNP0A03:00: fail to add MMCONFIG information, can't access extended PCI configuration space under this bridge.
[    0.152527] PCI host bridge to bus 0000:00
[    0.153648] pci_bus 0000:00: root bus resource [io  0x0000-0x0cf7 window]
[    0.156006] pci_bus 0000:00: root bus resource [io  0x0d00-0xffff window]
[    0.158233] pci_bus 0000:00: root bus resource [mem 0x000a0000-0x000bffff window]
[    0.160004] pci_bus 0000:00: root bus resource [mem 0x80000000-0xfdffffff window]
[    0.162031] pci_bus 0000:00: root bus resource [bus 00-ff]
[    0.167812] pci 0000:00:01.1: legacy IDE quirk: reg 0x10: [io  0x01f0-0x01f7]
[    0.168003] pci 0000:00:01.1: legacy IDE quirk: reg 0x14: [io  0x03f6]
[    0.169698] pci 0000:00:01.1: legacy IDE quirk: reg 0x18: [io  0x0170-0x0177]
[    0.172009] pci 0000:00:01.1: legacy IDE quirk: reg 0x1c: [io  0x0376]
[    0.202902] pci 0000:00:07.0: quirk: [io  0x4000-0x403f] claimed by PIIX4 ACPI
[    0.204024] pci 0000:00:07.0: quirk: [io  0x4100-0x410f] claimed by PIIX4 SMB
[    0.216928] ACPI: PCI Interrupt Link [LNKA] (IRQs 5 9 10 *11)
[    0.219153] ACPI: PCI Interrupt Link [LNKB] (IRQs 5 9 *10 11)
[    0.220185] ACPI: PCI Interrupt Link [LNKC] (IRQs 5 *9 10 11)
[    0.222510] ACPI: PCI Interrupt Link [LNKD] (IRQs 5 9 10 *11)
[    0.224443] SCSI subsystem initialized
[    0.225674] pci 0000:00:02.0: vgaarb: setting as boot VGA device
[    0.225970] pci 0000:00:02.0: vgaarb: VGA device added: decodes=io+mem,owns=io+mem,locks=none
[    0.228010] pci 0000:00:02.0: vgaarb: bridge control possible
[    0.232003] vgaarb: loaded
[    0.232799] ACPI: bus type USB registered
[    0.233907] usbcore: registered new interface driver usbfs
[    0.236010] usbcore: registered new interface driver hub
[    0.237708] usbcore: registered new device driver usb
[    0.240086] EDAC MC: Ver: 3.0.0
[    0.241312] PCI: Using ACPI for IRQ routing
[    0.244372] NetLabel: Initializing
[    0.245314] NetLabel:  domain hash size = 128
[    0.246504] NetLabel:  protocols = UNLABELED CIPSOv4 CALIPSO
[    0.248000] NetLabel:  unlabeled traffic allowed by default
[    0.248096] clocksource: Switched to clocksource kvm-clock
[    0.265131] VFS: Disk quotas dquot_6.6.0
[    0.266569] VFS: Dquot-cache hash table entries: 512 (order 0, 4096 bytes)
[    0.268475] AppArmor: AppArmor Filesystem Enabled
[    0.269863] pnp: PnP ACPI init
[    0.272679] pnp: PnP ACPI: found 3 devices
[    0.284660] clocksource: acpi_pm: mask: 0xffffff max_cycles: 0xffffff, max_idle_ns: 2085701024 ns
[    0.287573] NET: Registered protocol family 2
[    0.289323] TCP established hash table entries: 16384 (order: 5, 131072 bytes)
[    0.291508] TCP bind hash table entries: 16384 (order: 6, 262144 bytes)
[    0.294902] TCP: Hash tables configured (established 16384 bind 16384)
[    0.296690] UDP hash table entries: 1024 (order: 3, 32768 bytes)
[    0.298302] UDP-Lite hash table entries: 1024 (order: 3, 32768 bytes)
[    0.300026] NET: Registered protocol family 1
[    0.301242] pci 0000:00:00.0: Limiting direct PCI/PCI transfers
[    0.302838] pci 0000:00:01.0: Activating ISA DMA hang workarounds
[    0.304723] pci 0000:00:02.0: Video device with shadowed ROM at [mem 0x000c0000-0x000dffff]
[    0.307211] Unpacking initramfs...
[    0.643988] Freeing initrd memory: 18976K
[    0.645870] platform rtc_cmos: registered platform RTC device (no PNP device found)
[    0.648354] Scanning for low memory corruption every 60 seconds
[    0.652687] Initialise system trusted keyrings
[    0.654279] Key type blacklist registered
[    0.655967] workingset: timestamp_bits=36 max_order=19 bucket_order=0
[    0.658914] zbud: loaded
[    0.660125] squashfs: version 4.0 (2009/01/31) Phillip Lougher
[    0.661879] fuse init (API version 7.26)
[    0.666838] Key type asymmetric registered
[    0.667946] Asymmetric key parser 'x509' registered
[    0.669313] Block layer SCSI generic (bsg) driver version 0.4 loaded (major 246)
[    0.671753] io scheduler noop registered
[    0.673439] io scheduler deadline registered
[    0.674896] io scheduler cfq registered (default)
[    0.676808] ACPI: AC Adapter [AC] (off-line)
[    0.678379] input: Power Button as /devices/LNXSYSTM:00/LNXPWRBN:00/input/input0
[    0.680463] ACPI: Power Button [PWRF]
[    0.681553] input: Sleep Button as /devices/LNXSYSTM:00/LNXSLPBN:00/input/input1
[    0.683553] ACPI: Sleep Button [SLPF]
[    0.686217] ACPI: Battery Slot [BAT0] (battery present)
[    0.688545] Serial: 8250/16550 driver, 32 ports, IRQ sharing enabled
 	
 !"#$%&'()*+,-.789:;<=>?@ABCDEFGHIJKLMNOPQRSTUVWXYbcdefghijklmnopqrs€‚ƒ„…†‡ˆ‰Š‹ŒŽ‘žŸ ¡¢£¤¥¦§¨©ª«¬­®¯°±²³´µ¶·¸¹º»¼½¾¿ÀÁÂÃÄÅÆÇÈÉÊËÌÍÎÏÐÑÒÓÔÕÖ×ØÙÚÛÜÝëìíîïðñòóôõö÷øùúûüýþÿ[    0.713498] 00:02: ttyS0 at I/O 0x3f8 (irq = 4, base_baud = 115200) is a 16550A
[    0.721779] Linux agpgart interface v0.103
[    0.725693] loop: module loaded
[    0.727483] scsi host0: ata_piix
[    0.728891] scsi host1: ata_piix
[    0.729812] ata1: PATA max UDMA/33 cmd 0x1f0 ctl 0x3f6 bmdma 0xd000 irq 14
[    0.731608] ata2: PATA max UDMA/33 cmd 0x170 ctl 0x376 bmdma 0xd008 irq 15
[    0.733571] libphy: Fixed MDIO Bus: probed
[    0.734747] tun: Universal TUN/TAP device driver, 1.6
[    0.736611] PPP generic driver version 2.4.2
[    0.737962] ehci_hcd: USB 2.0 'Enhanced' Host Controller (EHCI) Driver
[    0.740260] ehci-pci: EHCI PCI platform driver
[    0.742036] ehci-platform: EHCI generic platform driver
[    0.743699] ohci_hcd: USB 1.1 'Open' Host Controller (OHCI) Driver
[    0.745405] ohci-pci: OHCI PCI platform driver
[    0.746618] ohci-platform: OHCI generic platform driver
[    0.748009] uhci_hcd: USB Universal Host Controller Interface driver
[    0.749810] i8042: PNP: PS/2 Controller [PNP0303:PS2K,PNP0f03:PS2M] at 0x60,0x64 irq 1,12
[    0.752409] serio: i8042 KBD port at 0x60,0x64 irq 1
[    0.753994] serio: i8042 AUX port at 0x60,0x64 irq 12
[    0.756211] mousedev: PS/2 mouse device common for all mice
[    0.760802] rtc_cmos rtc_cmos: rtc core: registered rtc_cmos as rtc0
[    0.762662] input: AT Translated Set 2 keyboard as /devices/platform/i8042/serio0/input/input2
[    0.765189] rtc_cmos rtc_cmos: alarms up to one day, 114 bytes nvram
[    0.766928] i2c /dev entries driver
[    0.767888] pcie_mp2_amd: AMD(R) PCI-E MP2 Communication Driver Version: 1.0
[    0.770027] device-mapper: uevent: version 1.0.3
[    0.771631] device-mapper: ioctl: 4.37.0-ioctl (2017-09-20) initialised: dm-devel@redhat.com
[    0.774918] ledtrig-cpu: registered to indicate activity on CPUs
[    0.777278] NET: Registered protocol family 10
[    0.782532] Segment Routing with IPv6
[    0.783588] NET: Registered protocol family 17
[    0.784909] Key type dns_resolver registered
[    0.786466] RAS: Correctable Errors collector initialized.
[    0.788584] sched_clock: Marking stable (788548798, 0)->(1124724844, -336176046)
[    0.791441] registered taskstats version 1
[    0.792617] Loading compiled-in X.509 certificates
[    0.796262] Loaded X.509 cert 'Build time autogenerated kernel key: b873a790e41754b50f7dbae45b6bd46229c3c73f'
[    0.798889] zswap: loaded using pool lzo/zbud
[    0.803304] Key type big_key registered
[    0.804802] Key type trusted registered
[    0.808143] Key type encrypted registered
[    0.809569] AppArmor: AppArmor sha1 policy hashing enabled
[    0.811104] ima: No TPM chip found, activating TPM-bypass! (rc=-19)
[    0.813200] ima: Allocated hash algorithm: sha1
[    0.814438] evm: HMAC attrs: 0x1
[    0.815701]   Magic number: 11:290:734
[    0.816863] rtc_cmos rtc_cmos: setting system clock to 2019-03-18 12:42:54 UTC (1552912974)
[    0.819198] BIOS EDD facility v0.16 2004-Jun-25, 0 devices found
[    0.821169] EDD information not available.
[    0.899283] Freeing unused kernel memory: 2408K
[    0.920426] Write protecting the kernel read-only data: 20480k
[    0.923874] Freeing unused kernel memory: 2008K
[    0.929250] Freeing unused kernel memory: 1892K
[    0.936370] x86/mm: Checked W+X mappings: passed, no W+X pages found.
[    0.938663] x86/mm: Checking user space page tables
[    0.945001] x86/mm: Checked W+X mappings: passed, no W+X pages found.
Loading, please wait...
starting version 237
[    1.007771] e1000: Intel(R) PRO/1000 Network Driver - version 7.3.21-k8-NAPI
[    1.010287] e1000: Copyright (c) 1999-2006 Intel Corporation.
[    1.014984] Fusion MPT base driver 3.04.20
[    1.016435] Copyright (c) 1999-2008 LSI Corporation
[    1.034811] AVX2 version of gcm_enc/dec engaged.
[    1.036466] AES CTR mode by8 optimization enabled
[    1.050761] Fusion MPT SPI Host driver 3.04.20
[    1.241373] input: ImExPS/2 Generic Explorer Mouse as /devices/platform/i8042/serio1/input/input4
[    1.495612] e1000 0000:00:03.0 eth0: (PCI:33MHz:32-bit) 02:73:ab:6a:68:9e
[    1.498096] e1000 0000:00:03.0 eth0: Intel(R) PRO/1000 Network Connection
[    1.501653] mptbase: ioc0: Initiating bringup
[    1.504754] e1000 0000:00:03.0 enp0s3: renamed from eth0
[    2.271369] tsc: Refined TSC clocksource calibration: 2903.982 MHz
[    2.274151] clocksource: tsc: mask: 0xffffffffffffffff max_cycles: 0x29dbf4c8cd4, max_idle_ns: 440795285536 ns
[    2.516786] ioc0: LSI53C1030 A0: Capabilities={Initiator}
[    3.475441] scsi host2: ioc0: LSI53C1030 A0, FwRev=00000000h, Ports=1, MaxQ=256, IRQ=20
[    4.078386] scsi 2:0:0:0: Direct-Access     VBOX     HARDDISK         1.0  PQ: 0 ANSI: 5
[    4.120522] scsi target2:0:0: Beginning Domain Validation
[    4.126230] scsi target2:0:0: Domain Validation skipping write tests
[    4.128297] scsi target2:0:0: Ending Domain Validation
[    4.130133] scsi target2:0:0: asynchronous
[    4.132610] scsi 2:0:1:0: Direct-Access     VBOX     HARDDISK         1.0  PQ: 0 ANSI: 5
[    4.430328] scsi target2:0:1: Beginning Domain Validation
[    4.433748] random: fast init done
[    4.435268] scsi target2:0:1: Domain Validation skipping write tests
[    4.437503] scsi target2:0:1: Ending Domain Validation
[    4.439753] scsi target2:0:1: asynchronous
[    4.446208] random: systemd-udevd: uninitialized urandom read (16 bytes read)
[    4.448724] sd 2:0:0:0: Attached scsi generic sg0 type 0
[    4.448726] random: systemd-udevd: uninitialized urandom read (16 bytes read)
[    4.448731] random: systemd-udevd: uninitialized urandom read (16 bytes read)
[    4.457347] sd 2:0:0:0: [sda] 20971520 512-byte logical blocks: (10.7 GB/10.0 GiB)
[    4.460162] sd 2:0:1:0: Attached scsi generic sg1 type 0
[    4.460185] sd 2:0:0:0: [sda] Write Protect is off
[    4.463762] sd 2:0:0:0: [sda] Incomplete mode parameter data
[    4.465519] sd 2:0:1:0: [sdb] 20480 512-byte logical blocks: (10.5 MB/10.0 MiB)
[    4.467669] sd 2:0:0:0: [sda] Assuming drive cache: write through
[    4.469411] sd 2:0:1:0: [sdb] Write Protect is off
[    4.471466] sd 2:0:1:0: [sdb] Incomplete mode parameter data
[    4.474047]  sda: sda1
[    4.475063] sd 2:0:1:0: [sdb] Assuming drive cache: write through
[    4.477017] sd 2:0:0:0: [sda] Attached SCSI disk
[    4.481130] sd 2:0:1:0: [sdb] Attached SCSI disk
Begin: Loading essential drivers ... [    5.948233] raid6: sse2x1   gen() 10703 MB/s
[    5.996345] raid6: sse2x1   xor()  7259 MB/s
[    6.044264] raid6: sse2x2   gen()  8331 MB/s
[    6.092687] raid6: sse2x2   xor()  3901 MB/s
[    6.140244] raid6: sse2x4   gen() 13118 MB/s
[    6.188093] raid6: sse2x4   xor()  8779 MB/s
[    6.236345] raid6: avx2x1   gen() 20505 MB/s
[    6.284251] raid6: avx2x1   xor() 14257 MB/s
[    6.332067] raid6: avx2x2   gen() 25101 MB/s
[    6.380047] raid6: avx2x2   xor() 15696 MB/s
[    6.428285] raid6: avx2x4   gen() 28496 MB/s
[    6.476065] raid6: avx2x4   xor() 17380 MB/s
[    6.477612] raid6: using algorithm avx2x4 gen() 28496 MB/s
[    6.479061] raid6: .... xor() 17380 MB/s, rmw enabled
[    6.480558] raid6: using avx2x2 recovery algorithm
[    6.483714] xor: automatically using best checksumming function   avx       
[    6.487519] async_tx: api initialized (async)
done.
Begin: Running /scripts/init-premount ... done.
Begin: Mounting root file system ... Begin: Running /scripts/local-top ... done.
Begin: Running /scripts/local-premount ... [    6.534613] Btrfs loaded, crc32c=crc32c-intel
Scanning for Btrfs filesystems
done.
Warning: fsck not present, so skipping root file system
[    6.577657] EXT4-fs (sda1): mounted filesystem with ordered data mode. Opts: (null)
done.
Begin: Running /scripts/local-bottom ... done.
Begin: Running /scripts/init-bottom ... done.
[    6.993266] ip_tables: (C) 2000-2006 Netfilter Core Team
[    7.010039] systemd[1]: systemd 237 running in system mode. (+PAM +AUDIT +SELINUX +IMA +APPARMOR +SMACK +SYSVINIT +UTMP +LIBCRYPTSETUP +GCRYPT +GNUTLS +ACL +XZ +LZ4 +SECCOMP +BLKID +ELFUTILS +KMOD -IDN2 +IDN -PCRE2 default-hierarchy=hybrid)
[    7.017328] systemd[1]: Detected virtualization oracle.
[    7.018743] systemd[1]: Detected architecture x86-64.

Welcome to [1mUbuntu 18.04.2 LTS[0m!

[    7.029364] systemd[1]: Set hostname to <ubuntu>.
[    7.035462] systemd[1]: Initializing machine ID from random generator.
[    7.037370] systemd[1]: Installed transient /etc/machine-id file.
[    7.429841] systemd[1]: Set up automount Arbitrary Executable File Formats File System Automount Point.
[[0;32m  OK  [0m] Set up automount Arbitrary Executabâ€¦rmats File System Automount Point.
[    7.434513] systemd[1]: Reached target System Time Synchronized.
[[0;32m  OK  [0m] Reached target System Time Synchronized.
[    7.437670] systemd[1]: Reached target Swap.
[[0;32m  OK  [0m] Reached target Swap.
[    7.439977] systemd[1]: Started Forward Password Requests to Wall Directory Watch.
[[0;32m  OK  [0m] Started Forward Password Requests to Wall Directory Watch.
[[0;32m  OK  [0m] Reached target User and Group Name Lookups.
[[0;32m  OK  [0m] Created slice System Slice.
[[0;32m  OK  [0m] Listening on /dev/initctl Compatibility Named Pipe.
[[0;32m  OK  [0m] Listening on Journal Socket.
         Starting Create list of required stâ€¦ce nodes for the current kernel...
         Starting Remount Root and Kernel File Systems...
[[0;32m  OK  [0m] Listening on Journal Socket (/dev/log).
[[0;32m  OK  [0m] Listening on udev Control Socket.
         Starting Uncomplicated firewall...
         Starting Set the console keyboard layout...
[[0;32m  OK  [0m] Listening on Device-mapper event daemon FIFOs.
[[0;32m  OK  [0m] Created slice system-serial\x2dgetty.slice.
[[0;32m  OK  [0m] Listening on Network Service Netlink Socket.
[[0;32m  OK  [0m] Listening on LVM2 metadata daemon socket.
         Starting Monitoring of LVM2 mirrorsâ€¦ng dmeventd or progress polling...
[[0;32m  OK  [0m] Listening on udev Kernel Socket.
         Starting udev Coldplug all Devices...
         Starting Load Kernel Modules...
[[0;32m  OK  [0m] Listening on Syslog Socket.
[[0;32m  OK  [0m] Created slice User and Session Slice.
[[0;32m  OK  [0m] Reached target Slices.
         Mounting Huge Pages File System...
[[0;32m  OK  [0m] Listening on LVM2 poll daemon socket.
         Mounting POSIX Message Queue File System...
         Mounting Kernel Debug File System...
[[0;32m  OK  [0m] Listening on Journal Audit Socket.
         Starting Journal Service...
[    8.191325] Loading iSCSI transport class v2.0-870.
[[0;32m  OK  [0m] Started Create list of required staâ€¦vice nodes for the current kernel.
[[0;32m  OK  [0m] Started Uncomplicated firewall.
         Starting Create Static Device Nodes in /dev...
[    8.206982] iscsi: registered transport (tcp)
[[0;32m  OK  [0m] Mounted Huge Pages File Syst[    8.218645] EXT4-fs (sda1): re-mounted. Opts: (null)
em.
[[0;32m  OK  [0m] Mounted POSIX Message Queue File System.
[[0;32m  OK  [0m] Mounted Kernel Debug File System.
[[0;32m  OK  [0m] Started Remount Root and Kernel File Systems.
[[0;32m  OK  [0m] Started udev Coldplug all Devices.
[    8.286225] iscsi: registered transport (iser)
         Starting Load/Save Random Seed...
         Starting Initial cloud-init job (pre-networking)...
[[0;32m  OK  [0m] Started Journal Service.
[[0;32m  OK  [0m] Started Load Kernel Modules.
         Starting Apply Kernel Variables...
         Mounting FUSE Control File System...
         Mounting Kernel Configuration File System...
         Starting Flush Journal to Persistent Storage...
[[0;32m  OK  [0m] Mounted FUSE Control File System.
[[0;32m  OK  [0m] Mounted Kernel Configuration File System.
[[0;32m  OK  [0m] Started LVM2 metadata daemon.
[[0;32m  OK  [0m] Started Load/Save Random Seed.
[[0;32m  OK  [0m] Started Create Static Device Nodes in /dev.
         Starting udev Kernel Device Manager...
[[0;32m  OK  [0m] Started Apply Kernel Variables.
[[0;32m  OK  [0m] Started Monitoring of LVM2 mirrors,â€¦sing dmeventd or progress polling.
[[0;32m  OK  [0m] Started udev Kernel Device Manager.
[[0;32m  OK  [0m] Started Flush Journal to Persistent Storage.
[[0;32m  OK  [0m] Found device /dev/ttyS0.
[[0;32m  OK  [0m] Listening on Load/Save RF Kill Switch Status /dev/rfkill Watch.
[[0;32m  OK  [0m] Started Set the console keyboard layout.
[[0;32m  OK  [0m] Started Dispatch Password Requests to Console Directory Watch.
[[0;32m  OK  [0m] Reached target Local Encrypted Volumes.
[[0;32m  OK  [0m] Reached target Local File Systems (Pre).
[[0;32m  OK  [0m] Reached target Local File Systems.
         Starting Set console font and keymap...
         Starting Create Volatile Files and Directories...
         Starting Tell Plymouth To Write Out Runtime Data...
         Starting ebtables ruleset management...
         Starting AppArmor initialization...
         Starting Commit a transient machine-id on disk...
[[0;32m  OK  [0m] Started Tell Plymouth To Write Out Runtime Data.
[[0;32m  OK  [0m] Started Create Volatile Files and Directories.
         Starting Update UTMP about System Boot/Shutdown...
[[0;32m  OK  [0m] Started Update UTMP about System Boot/Shutdown.
[[0;32m  OK  [0m] Started Commit a transient machine-id on disk.
[[0;32m  OK  [0m] Started ebtables ruleset management.
[[0;1;31mFAILED[0m] Failed to start Set console font and keymap.
See 'systemctl status console-setup.service' for details.
[   12.024840] cloud-init[406]: Cloud-init v. 18.5-21-g8ee294d5-0ubuntu1~18.04.1 running 'init-local' at Mon, 18 Mar 2019 12:43:05 +0000. Up 11.45 seconds.
[[0;32m  OK  [0m] Started Initial cloud-init job (pre-networking).
[[0;32m  OK  [0m] Reached target Network (Pre).
         Starting Network Service...
[[0;32m  OK  [0m] Started AppArmor initialization.
[[0;32m  OK  [0m] Started Network Service.
         Starting Wait for Network to be Configured...
         Starting Network Name Resolution...
[[0;32m  OK  [0m] Started Network Name Resolution.
[[0;32m  OK  [0m] Reached target Host and Network Name Lookups.
[[0;32m  OK  [0m] Reached target Network.
[[0;32m  OK  [0m] Started Wait for Network to be Configured.
         Starting Initial cloud-init job (metadata service crawler)...
[   13.825344] cloud-init[767]: Cloud-init v. 18.5-21-g8ee294d5-0ubuntu1~18.04.1 running 'init' at Mon, 18 Mar 2019 12:43:07 +0000. Up 13.68 seconds.
[   13.828464] cloud-init[767]: ci-info: ++++++++++++++++++++++++++++++++++++++Net device info++++++++++++++++++++++++++++++++++++++
[   13.830684] cloud-init[767]: ci-info: +--------+------+----------------------------+---------------+--------+-------------------+
[   13.832978] cloud-init[767]: ci-info: | Device |  Up  |          Address           |      Mask     | Scope  |     Hw-Address    |
[   13.835375] cloud-init[767]: ci-info: +--------+------+----------------------------+---------------+--------+-------------------+
[   13.838612] cloud-init[767]: ci-info: | enp0s3 | True |         10.0.2.15          | 255.255.255.0 | global | 02:73:ab:6a:68:9e |
[   13.841061] cloud-init[767]: ci-info: | enp0s3 | True | fe80::73:abff:fe6a:689e/64 |       .       |  link  | 02:73:ab:6a:68:9e |
[   13.843536] cloud-init[767]: ci-info: |   lo   | True |         127.0.0.1          |   255.0.0.0   |  host  |         .         |
[   13.845939] cloud-init[767]: ci-info: |   lo   | True |          ::1/128           |       .       |  host  |         .         |
[   13.847876] cloud-init[767]: ci-info: +--------+------+----------------------------+---------------+--------+-------------------+
[   13.849698] cloud-init[767]: ci-info: ++++++++++++++++++++++++++++Route IPv4 info+++++++++++++++++++++++++++++
[   13.851506] cloud-init[767]: ci-info: +-------+-------------+----------+-----------------+-----------+-------+
[   13.854671] cloud-init[767]: ci-info: | Route | Destination | Gateway  |     Genmask     | Interface | Flags |
[   13.856438] cloud-init[767]: ci-info: +-------+-------------+----------+-----------------+-----------+-------+
[   13.858327] cloud-init[767]: ci-info: |   0   |   0.0.0.0   | 10.0.2.2 |     0.0.0.0     |   enp0s3  |   UG  |
[   13.859940] cloud-init[767]: ci-info: |   1   |   10.0.2.0  | 0.0.0.0  |  255.255.255.0  |   enp0s3  |   U   |
[   13.861759] cloud-init[767]: ci-info: |   2   |   10.0.2.2  | 0.0.0.0  | 255.255.255.255 |   enp0s3  |   UH  |
[   13.864261] cloud-init[767]: ci-info: +-------+-------------+----------+-----------------+-----------+-------+
[   13.866091] cloud-init[767]: ci-info: +++++++++++++++++++Route IPv6 info+++++++++++++++++++
[   13.867696] cloud-init[767]: ci-info: +-------+-------------+---------+-----------+-------+
[   13.870093] cloud-init[767]: ci-info: | Route | Destination | Gateway | Interface | Flags |
[   13.872756] cloud-init[767]: ci-info: +-------+-------------+---------+-----------+-------+
[   13.874666] cloud-init[767]: ci-info: |   1   |  fe80::/64  |    ::   |   enp0s3  |   U   |
[   13.876327] cloud-init[767]: ci-info: |   3   |    local    |    ::   |   enp0s3  |   U   |
[   13.877385] cloud-init[767]: ci-info: |   4   |   ff00::/8  |    ::   |   enp0s3  |   U   |
[   13.878983] cloud-init[767]: ci-info: +-------+-------------+---------+-----------+-------+
[   14.782996] cloud-init[767]: Generating public/private rsa key pair.
[   14.784434] cloud-init[767]: Your identification has been saved in /etc/ssh/ssh_host_rsa_key.
[   14.786814] cloud-init[767]: Your public key has been saved in /etc/ssh/ssh_host_rsa_key.pub.
[   14.789258] cloud-init[767]: The key fingerprint is:
[   14.790631] cloud-init[767]: SHA256:xArcFvMW6DFK9SW2ocKpZwoYPKzTqWmotOm/vsotnyk root@ubuntu-bionic
[   14.792892] cloud-init[767]: The key's randomart image is:
[   14.794302] cloud-init[767]: +---[RSA 2048]----+
[   14.795345] cloud-init[767]: |     .+.= .      |
[   14.796656] cloud-init[767]: |o  o.o+O *       |
[   14.797883] cloud-init[767]: |.+ .*o+oB        |
[   14.799188] cloud-init[767]: |oo.o.+.+         |
[   14.800746] cloud-init[767]: |= + o . S        |
[   14.801534] cloud-init[767]: |.= +             |
[   14.802786] cloud-init[767]: |+o.              |
[   14.820323] cloud-init[767]: |=E+ o            |
[   14.822452] cloud-init[767]: |o*BXo            |
[   14.823942] cloud-init[767]: +----[SHA256]-----+
[   14.825540] cloud-init[767]: Generating public/private dsa key pair.
[   14.827432] cloud-init[767]: Your identification has been saved in /etc/ssh/ssh_host_dsa_key.
[   14.829961] cloud-init[767]: Your public key has been saved in /etc/ssh/ssh_host_dsa_key.pub.
[   14.832611] cloud-init[767]: The key fingerprint is:
[   14.834206] cloud-init[767]: SHA256:PAB20iUTtPEJR+L6kDY0TMVu+a5GjKF+ZaR9479Cb+E root@ubuntu-bionic
[   14.836881] cloud-init[767]: The key's randomart image is:
[   14.838434] cloud-init[767]: +---[DSA 1024]----+
[   14.839905] cloud-init[767]: |    ==@++        |
[   14.841380] cloud-init[767]: |   + =oX .       |
[   14.842754] cloud-init[767]: |    +.+.o        |
[   14.844270] cloud-init[767]: |   ..+=o         |
[   14.845659] cloud-init[767]: |   .*O .S        |
[   14.847044] cloud-init[767]: |  ..o+* =..      |
[   14.848437] cloud-init[767]: | .   +.= + .     |
[   14.849350] cloud-init[767]: |  . . . + E      |
[   14.861204] cloud-init[767]: |   . ... +o.     |
[   14.862495] cloud-init[767]: +----[SHA256]-----+
[   14.863599] cloud-init[767]: Generating public/private ecdsa key pair.
[   14.864958] cloud-init[767]: Your identification has been saved in /etc/ssh/ssh_host_ecdsa_key.
[   14.866713] cloud-init[767]: Your public key has been saved in /etc/ssh/ssh_host_ecdsa_key.pub.
[[0;32m  OK  [0m] Started Initial cloud-init job (metadata service crawler).
[[0;32m  OK  [0m] Reached target Network is Online.
[   14.887327] cloud-init[767]: The key fingerprint is:
[   14.900360] cloud-init[767]: SHA256:kP98WQaOYvyYAI5z9IvkYOicZtan8nnlFc7sSBa4In0 root@ubuntu-bionic
[   14.903484] cloud-init[767]: The key's randomart image is:
[   14.905689] cloud-init[767]: +---[ECDSA 256]---+
[   14.906861] cloud-init[767]: |                 |
[[0;32m  OK  [0m] Reached target Remote File Systems (Pre).
[[0;32m  OK  [0m] Reached target Remote File Systems.
[   14.923461] cloud-init[767]: |       .         |
[   14.927564] cloud-init[767]: |    o +     .    |
[   14.928713] cloud-init[767]: | . + + = . o .   |
[   14.929564] cloud-init[767]: |. * + + S o . o  |
[   14.930752] cloud-init[767]: |oooO E B %   +   |
         Starting Availability of block devices...
[[0;32m  OK  [0m] Reached target System Initialization.
[[0;32m  OK  [0m] Listening on D-Bus System Message Bus Socket.
[[0;32m  OK  [0m] Started Discard unused blocks once a week.
[   14.935311] cloud-init[767]: | B..=.* * + o    |
         Starting LXD - unix socket.
[   14.947113] cloud-init[767]: |+.  +. o . .     |
[[0;32m  OK  [0m] Started ACPI Events Check.
[[0;32m  OK  [0m] Reached target Paths.
[[0;32m  OK  [0m] Listening on Open-iSCSI iscsid Socket.
[[   14.960610] cloud-init[0;32m  OK  [0m] Started Daily apt download activities.
[[0;32m  OK  [0m] Listening on ACPID Listen Socket.
         Starting Socket activation for snappy daemon.
[[0;32m  OK  [0m] Started Daily Cleanup of Temporary Directories.
[[0;32m  OK  [0m] Started Daily apt upgrade and clean activities.
[[0;32m  OK  [0m] Listening on UUID daemon activation socket.
[[0;32m  OK  [0m] Started Message of the Day.
[767]: |  o+.            |
[   14.975010] cloud-init[767]: +----[SHA256]-----+[[0;32m  OK  [0m] Reached target Timers.
[[0;32m  OK  [0m] Reached target Cloud-config availability.

[   14.997170] [[0;32m  OK  [0m] Started Availability of block devices.
[[0;32m  OK  [0m] Listening on LXD - unix socket.
[[0;32m  OK  [0m] Listening on Socket activation for snappy daemon.
[[0;32m  OK  [0m] Reached target Sockets.
[[0;32m  OK  [0m] Reached target Basic System.
         Starting Virtualbox guest utils...
cloud-init[767]: Generating public/private ed25519 key pair.
[   15.010866] cloud-init[767]: Your identification has been saved in /etc/ssh/ssh_host_ed25519_key.
[   15.013701] cloud-init[767]: Your public key has been saved in /etc/ssh/ssh_host_ed25519_key.pub.
[[0;32m  OK  [0m] Started irqbalance daemon.
         Starting LXD - container startup/shutdown...
[   15.023491] cloud-init[767]: The key fingerprint is:
[   15.028607] cloud-init[767]: SHA256:ypk6kaTsmOqentD0wkQEOgeP9dMC3INWcF+IO287ruk root@ubuntu-bionic
[   15.030925] cloud-init[767]: The key's randomart image is:
[   15.032293] cloud-init[767]: +--[ED25519 256]--+
[   15.033429] cloud-init[767]: |oo==o. ..        |
[   15.040286] cloud-init[767]: |.*+++o..         |
[   15.044559] cloud-init[767]: |+.+ +oo          |
[[0;32m  OK  [0m] Started Regular background program processing daemon.
[   15.049811] cloud-init[767]: | +  +o           |
[   15.051309] cloud-init[767]: | .oo +  S        |
[   15.053546] cloud-init[767]: | =o.o.o+         |
[   15.055247] cloud-init[767]: |.++ .o=.         |
[   15.056891] cloud-init[767]: |+ +..oo          |
[   15.068713] cloud-init[767]: |** .E+..         |
[   15.069306] cloud-init[767]: +----[SHA256]-----+
         Starting Dispatcher daemon for systemd-networkd...
         Starting System Logging Service...
         Starting LSB: Record successful boot for GRUB...
[[0;32m  OK  [0m] Started D-Bus System Message Bus.
         Starting Pollinate to seed the pseudo random number generator...
[[0;32m  OK  [0m] Started FUSE filesystem for LXC.
         Starting Permit User Sessions...
         Starting LSB: automatic crash report generation...
         Starting Accounts Service...
         Starting Login Service...
         Starting Snappy daemon...
[[0;32m  OK  [0m] Started Deferred execution scheduler.
[[0;32m  OK  [0m] Started System Logging Service.
[[0;32m  OK  [0m] Started Permit User Sessions.
         Starting Hold until boot process finishes up...
         Starting Terminate Plymouth Boot Screen...
[[0;32m  OK  [0m] Started Hold until boot process finishes up.
         Starting Set console scheme...
[[0;32m  OK  [0m] Started Serial Getty on ttyS0.
[[0;32m  OK  [0m] Started Terminate Plymouth Boot Screen.
[[0;32m  OK  [0m] Started Set console scheme.
[[0;32m  OK  [0m] Created slice system-getty.slice.
[[0;32m  OK  [0m] Started Getty on tty1.
[[0;32m  OK  [0m] Reached target Login Prompts.
         Starting Authorization Manager...
[[0;32m  OK  [0m] Started Login Service.
[[0;32m  OK  [0m] Started Unattended Upgrades Shutdown.
[[0;32m  OK  [0m] Started LSB: Record successful boot for GRUB.
[[0;32m  OK  [0m] Started LSB: automatic crash report generation.
[[0;32m  OK  [0m] Started Authorization Manager.
[[0;32m  OK  [0m] Started Accounts Service.
[[0;32m  OK  [0m] Started Virtualbox guest utils.
[[0;32m  OK  [0m] Started LXD - container startup/shutdown.
[[0;32m  OK  [0m] Started Dispatcher daemon for systemd-networkd.
[[0;32m  OK  [0m] Started Snappy daemon.
         Starting Wait until snapd is fully seeded...
[[0;32m  OK  [0m] Started Pollinate to seed the pseudo random number generator.
         Starting OpenBSD Secure Shell server...
[[0;32m  OK  [0m] Started OpenBSD Secure Shell server.
[[0;32m  OK  [0m] Created slice User Slice of vagrant.
         Starting User Manager for UID 1000...
[[0;32m  OK  [0m] Started Session 1 of user vagrant.
[[0;32m  OK  [0m] Started User Manager for UID 1000.
[[0;32m  OK  [0m] Started Wait until snapd is fully seeded.
         Starting Apply the settings specified in cloud-config...
[[0;32m  OK  [0m] Reached target Multi-User System.
[[0;32m  OK  [0m] Reached target Graphical Interface.
         Starting Update UTMP about System Runlevel Changes...
[[0;32m  OK  [0m] Started Update UTMP about System Runlevel Changes.
[   21.071407] cloud-init[1365]: Cloud-init v. 18.5-21-g8ee294d5-0ubuntu1~18.04.1 running 'modules:config' at Mon, 18 Mar 2019 12:43:14 +0000. Up 20.54 seconds.

Ubuntu 18.04.2 LTS ubuntu-bionic ttyS0

ubuntu-bionic login: ci-info: no authorized ssh keys fingerprints found for user ubuntu.
<14>Mar 18 12:43:15 ec2: 
<14>Mar 18 12:43:15 ec2: #############################################################
<14>Mar 18 12:43:15 ec2: -----BEGIN SSH HOST KEY FINGERPRINTS-----
<14>Mar 18 12:43:15 ec2: 1024 SHA256:PAB20iUTtPEJR+L6kDY0TMVu+a5GjKF+ZaR9479Cb+E root@ubuntu-bionic (DSA)
<14>Mar 18 12:43:15 ec2: 256 SHA256:kP98WQaOYvyYAI5z9IvkYOicZtan8nnlFc7sSBa4In0 root@ubuntu-bionic (ECDSA)
<14>Mar 18 12:43:15 ec2: 256 SHA256:ypk6kaTsmOqentD0wkQEOgeP9dMC3INWcF+IO287ruk root@ubuntu-bionic (ED25519)
<14>Mar 18 12:43:15 ec2: 2048 SHA256:xArcFvMW6DFK9SW2ocKpZwoYPKzTqWmotOm/vsotnyk root@ubuntu-bionic (RSA)
<14>Mar 18 12:43:15 ec2: -----END SSH HOST KEY FINGERPRINTS-----
<14>Mar 18 12:43:15 ec2: #############################################################
-----BEGIN SSH HOST KEY KEYS-----
ecdsa-sha2-nistp256 AAAAE2VjZHNhLXNoYTItbmlzdHAyNTYAAAAIbmlzdHAyNTYAAABBBGnhMkC7ABB8AFZg07X+YpKiuqcRgvsIGtDuSQaZowmcNVBKhc5Px1xa/xgYwtqd9LGUsgVUgK7cYN9YIeE60Cc= root@ubuntu-bionic
ssh-ed25519 AAAAC3NzaC1lZDI1NTE5AAAAIG/gvJPjQiE0LfbZ5+dBGDtKvW7HeSyIFSozTj0iC3Zu root@ubuntu-bionic
ssh-rsa AAAAB3NzaC1yc2EAAAADAQABAAABAQDQnuboja8ffiagdgrLkIP19h7qGjqzsvseEmH/EGju7LDgd21AseLiFRD8ffm7+6MErRK92UWg7ny8rZvc6P0ljPyJ3G4XnlFRQs1VhnYhkQN+Zva4uj9enrkqOerJ9UWe4Asb00Ucyz3f5HkpHeIH0TA3mTc82fhIOb+QLFl32QP0gL81PaW06XRABmWtCF5qUWfPgtBXZCRpdyxFzTTh94+ggj7E5zadlcKRz7VNsFIXx9oi5LIFQ+NlAzu1r361PN7DyOstChnqEqykug64JD0eXO8VZyybGNQVYfFGyiCqCFNx9Vl8TxjJeR4+AYNBvMauYK4jrHZd5Rcl6kwd root@ubuntu-bionic
-----END SSH HOST KEY KEYS-----
[   21.933861] cloud-init[1555]: Cloud-init v. 18.5-21-g8ee294d5-0ubuntu1~18.04.1 running 'modules:final' at Mon, 18 Mar 2019 12:43:15 +0000. Up 21.73 seconds.
[   21.938327] cloud-init[1555]: ci-info: no authorized ssh keys fingerprints found for user ubuntu.
[   21.944539] cloud-init[1555]: Cloud-init v. 18.5-21-g8ee294d5-0ubuntu1~18.04.1 finished at Mon, 18 Mar 2019 12:43:15 +0000. Datasource DataSourceNoCloud [seed=/dev/sdb][dsmode=net].  Up 21.89 seconds
