[    0.000000] Initializing cgroup subsys cpuset
[    0.000000] Initializing cgroup subsys cpu
[    0.000000] Initializing cgroup subsys cpuacct
[    0.000000] Linux version 4.4.0-142-generic (buildd@lgw01-amd64-033) (gcc version 5.4.0 20160609 (Ubuntu 5.4.0-6ubuntu1~16.04.10) ) #168-Ubuntu SMP Wed Jan 16 21:00:45 UTC 2019 (Ubuntu 4.4.0-142.168-generic 4.4.167)
[    0.000000] Command line: BOOT_IMAGE=/boot/vmlinuz-4.4.0-142-generic root=LABEL=cloudimg-rootfs ro console=tty1 console=ttyS0
[    0.000000] KERNEL supported cpus:
[    0.000000]   Intel GenuineIntel
[    0.000000]   AMD AuthenticAMD
[    0.000000]   Centaur CentaurHauls
[    0.000000] x86/fpu: xstate_offset[2]:  576, xstate_sizes[2]:  256
[    0.000000] x86/fpu: Supporting XSAVE feature 0x01: 'x87 floating point registers'
[    0.000000] x86/fpu: Supporting XSAVE feature 0x02: 'SSE registers'
[    0.000000] x86/fpu: Supporting XSAVE feature 0x04: 'AVX registers'
[    0.000000] x86/fpu: Enabled xstate features 0x7, context size is 832 bytes, using 'standard' format.
[    0.000000] e820: BIOS-provided physical RAM map:
[    0.000000] BIOS-e820: [mem 0x0000000000000000-0x000000000009fbff] usable
[    0.000000] BIOS-e820: [mem 0x000000000009fc00-0x000000000009ffff] reserved
[    0.000000] BIOS-e820: [mem 0x00000000000f0000-0x00000000000fffff] reserved
[    0.000000] BIOS-e820: [mem 0x0000000000100000-0x000000003ffeffff] usable
[    0.000000] BIOS-e820: [mem 0x000000003fff0000-0x000000003fffffff] ACPI data
[    0.000000] BIOS-e820: [mem 0x00000000fec00000-0x00000000fec00fff] reserved
[    0.000000] BIOS-e820: [mem 0x00000000fee00000-0x00000000fee00fff] reserved
[    0.000000] BIOS-e820: [mem 0x00000000fffc0000-0x00000000ffffffff] reserved
[    0.000000] NX (Execute Disable) protection: active
[    0.000000] SMBIOS 2.5 present.
[    0.000000] Hypervisor detected: KVM
[    0.000000] e820: last_pfn = 0x3fff0 max_arch_pfn = 0x400000000
[    0.000000] MTRR: Disabled
[    0.000000] x86/PAT: MTRRs disabled, skipping PAT initialization too.
[    0.000000] CPU MTRRs all blank - virtualized system.
[    0.000000] x86/PAT: Configuration [0-7]: WB  WT  UC- UC  WB  WT  UC- UC  
[    0.000000] found SMP MP-table at [mem 0x0009fff0-0x0009ffff] mapped at [ffff88000009fff0]
[    0.000000] Scanning 1 areas for low memory corruption
[    0.000000] RAMDISK: [mem 0x361ee000-0x370eefff]
[    0.000000] ACPI: Early table checksum verification disabled
[    0.000000] ACPI: RSDP 0x00000000000E0000 000024 (v02 VBOX  )
[    0.000000] ACPI: XSDT 0x000000003FFF0030 00003C (v01 VBOX   VBOXXSDT 00000001 ASL  00000061)
[    0.000000] ACPI: FACP 0x000000003FFF00F0 0000F4 (v04 VBOX   VBOXFACP 00000001 ASL  00000061)
[    0.000000] ACPI: DSDT 0x000000003FFF0470 0022EA (v02 VBOX   VBOXBIOS 00000002 INTL 20100528)
[    0.000000] ACPI: FACS 0x000000003FFF0200 000040
[    0.000000] ACPI: FACS 0x000000003FFF0200 000040
[    0.000000] ACPI: APIC 0x000000003FFF0240 00005C (v02 VBOX   VBOXAPIC 00000001 ASL  00000061)
[    0.000000] ACPI: SSDT 0x000000003FFF02A0 0001CC (v01 VBOX   VBOXCPUT 00000002 INTL 20100528)
[    0.000000] No NUMA configuration found
[    0.000000] Faking a node at [mem 0x0000000000000000-0x000000003ffeffff]
[    0.000000] NODE_DATA(0) allocated [mem 0x3ffeb000-0x3ffeffff]
[    0.000000] kvm-clock: Using msrs 4b564d01 and 4b564d00
[    0.000000] kvm-clock: cpu 0, msr 0:3ffe3001, primary cpu clock
[    0.000000] kvm-clock: using sched offset of 6193745968 cycles
[    0.000000] clocksource: kvm-clock: mask: 0xffffffffffffffff max_cycles: 0x1cd42e4dffb, max_idle_ns: 881590591483 ns
[    0.000000] Zone ranges:
[    0.000000]   DMA      [mem 0x0000000000001000-0x0000000000ffffff]
[    0.000000]   DMA32    [mem 0x0000000001000000-0x000000003ffeffff]
[    0.000000]   Normal   empty
[    0.000000]   Device   empty
[    0.000000] Movable zone start for each node
[    0.000000] Early memory node ranges
[    0.000000]   node   0: [mem 0x0000000000001000-0x000000000009efff]
[    0.000000]   node   0: [mem 0x0000000000100000-0x000000003ffeffff]
[    0.000000] Initmem setup node 0 [mem 0x0000000000001000-0x000000003ffeffff]
[    0.000000] ACPI: PM-Timer IO Port: 0x4008
[    0.000000] IOAPIC[0]: apic_id 2, version 32, address 0xfec00000, GSI 0-23
[    0.000000] ACPI: INT_SRC_OVR (bus 0 bus_irq 0 global_irq 2 dfl dfl)
[    0.000000] ACPI: INT_SRC_OVR (bus 0 bus_irq 9 global_irq 9 low level)
[    0.000000] Using ACPI (MADT) for SMP configuration information
[    0.000000] smpboot: Allowing 2 CPUs, 0 hotplug CPUs
[    0.000000] PM: Registered nosave memory: [mem 0x00000000-0x00000fff]
[    0.000000] PM: Registered nosave memory: [mem 0x0009f000-0x0009ffff]
[    0.000000] PM: Registered nosave memory: [mem 0x000a0000-0x000effff]
[    0.000000] PM: Registered nosave memory: [mem 0x000f0000-0x000fffff]
[    0.000000] e820: [mem 0x40000000-0xfebfffff] available for PCI devices
[    0.000000] Booting paravirtualized kernel on KVM
[    0.000000] clocksource: refined-jiffies: mask: 0xffffffff max_cycles: 0xffffffff, max_idle_ns: 7645519600211568 ns
[    0.000000] setup_percpu: NR_CPUS:512 nr_cpumask_bits:512 nr_cpu_ids:2 nr_node_ids:1
[    0.000000] PERCPU: Embedded 34 pages/cpu @ffff88003fc00000 s99480 r8192 d31592 u1048576
[    0.000000] Built 1 zonelists in Node order, mobility grouping on.  Total pages: 257912
[    0.000000] Policy zone: DMA32
[    0.000000] Kernel command line: BOOT_IMAGE=/boot/vmlinuz-4.4.0-142-generic root=LABEL=cloudimg-rootfs ro console=tty1 console=ttyS0
[    0.000000] PID hash table entries: 4096 (order: 3, 32768 bytes)
[    0.000000] Memory: 997168K/1048120K available (8603K kernel code, 1332K rwdata, 4004K rodata, 1484K init, 1316K bss, 50952K reserved, 0K cma-reserved)
[    0.000000] SLUB: HWalign=64, Order=0-3, MinObjects=0, CPUs=2, Nodes=1
[    0.000000] Kernel/User page tables isolation: enabled
[    0.000000] Hierarchical RCU implementation.
[    0.000000] 	Build-time adjustment of leaf fanout to 64.
[    0.000000] 	RCU restricting CPUs from NR_CPUS=512 to nr_cpu_ids=2.
[    0.000000] RCU: Adjusting geometry for rcu_fanout_leaf=64, nr_cpu_ids=2
[    0.000000] NR_IRQS:33024 nr_irqs:440 16
[    0.000000] Console: colour VGA+ 80x25
[    0.000000] console [tty1] enabled
[    0.000000] console [ttyS0] enabled
[    0.000000] tsc: Detected 2903.998 MHz processor
[    0.202850] Calibrating delay loop (skipped) preset value.. 5807.99 BogoMIPS (lpj=11615992)
[    0.205348] pid_max: default: 32768 minimum: 301
[    0.206750] ACPI: Core revision 20150930
[    0.208763] ACPI: 2 ACPI AML tables successfully acquired and loaded
[    0.210801] Security Framework initialized
[    0.212447] Yama: becoming mindful.
[    0.213580] AppArmor: AppArmor initialized
[    0.214889] Dentry cache hash table entries: 131072 (order: 8, 1048576 bytes)
[    0.218828] Inode-cache hash table entries: 65536 (order: 7, 524288 bytes)
[    0.220889] Mount-cache hash table entries: 2048 (order: 2, 16384 bytes)
[    0.223202] Mountpoint-cache hash table entries: 2048 (order: 2, 16384 bytes)
[    0.225318] Initializing cgroup subsys io
[    0.226576] Initializing cgroup subsys memory
[    0.227878] Initializing cgroup subsys devices
[    0.229196] Initializing cgroup subsys freezer
[    0.231098] Initializing cgroup subsys net_cls
[    0.232415] Initializing cgroup subsys perf_event
[    0.234017] Initializing cgroup subsys net_prio
[    0.236003] Initializing cgroup subsys hugetlb
[    0.237326] Initializing cgroup subsys pids
[    0.240434] mce: CPU supports 0 MCE banks
[    0.242116] Last level iTLB entries: 4KB 64, 2MB 8, 4MB 8
[    0.243726] Last level dTLB entries: 4KB 64, 2MB 0, 4MB 0, 1GB 4
[    0.245445] Spectre V2 : Mitigation: Full generic retpoline
[    0.247089] Spectre V2 : Spectre v2 / SpectreRSB mitigation: Filling RSB on context switch
[    0.249544] Speculative Store Bypass: Vulnerable
[    0.253892] Freeing SMP alternatives memory: 32K
[    0.261235] ftrace: allocating 32277 entries in 127 pages
[    0.321002] smpboot: APIC(0) Converting physical 0 to logical package 0
[    0.323649] smpboot: Max logical packages: 1
[    0.325161] x2apic enabled
[    0.326305] Switched APIC routing to physical x2apic.
[    0.329017] ..TIMER: vector=0x30 apic1=0 pin1=2 apic2=-1 pin2=-1
[    0.438647] smpboot: CPU0: Intel(R) Core(TM) i5-6267U CPU @ 2.90GHz (family: 0x6, model: 0x4e, stepping: 0x3)
[    0.442354] Performance Events: unsupported p6 CPU model 78 no PMU driver, software events only.
[    0.455598] KVM setup paravirtual spinlock
[    0.458048] x86: Booting SMP configuration:
[    0.459363] .... node  #0, CPUs:      #1
[    0.460733] kvm-clock: cpu 1, msr 0:3ffe3041, secondary cpu clock
[    0.464496] mce: CPU supports 0 MCE banks
[    0.468324] x86: Booted up 1 node, 2 CPUs
[    0.470129] smpboot: Total of 2 processors activated (11615.99 BogoMIPS)
[    0.472625] devtmpfs: initialized
[    0.475868] evm: security.selinux
[    0.477446] evm: security.SMACK64
[    0.478631] evm: security.SMACK64EXEC
[    0.479855] evm: security.SMACK64TRANSMUTE
[    0.481567] evm: security.SMACK64MMAP
[    0.482737] evm: security.ima
[    0.483710] evm: security.capability
[    0.485144] clocksource: jiffies: mask: 0xffffffff max_cycles: 0xffffffff, max_idle_ns: 7645041785100000 ns
[    0.487988] futex hash table entries: 512 (order: 3, 32768 bytes)
[    0.489867] pinctrl core: initialized pinctrl subsystem
[    0.491663] RTC time: 12:45:28, date: 03/17/19
[    0.493184] NET: Registered protocol family 16
[    0.506991] cpuidle: using governor ladder
[    0.519039] cpuidle: using governor menu
[    0.521389] PCCT header not found.
[    0.523269] ACPI: bus type PCI registered
[    0.525219] acpiphp: ACPI Hot Plug PCI Controller Driver version: 0.5
[    0.527776] PCI: Using configuration type 1 for base access
[    0.544843] ACPI: Added _OSI(Module Device)
[    0.546437] ACPI: Added _OSI(Processor Device)
[    0.548009] ACPI: Added _OSI(3.0 _SCP Extensions)
[    0.549587] ACPI: Added _OSI(Processor Aggregator Device)
[    0.552602] ACPI: Executed 1 blocks of module-level executable AML code
[    0.557202] ACPI: Interpreter enabled
[    0.558529] ACPI: (supports S0 S5)
[    0.559678] ACPI: Using IOAPIC for interrupt routing
[    0.561751] PCI: Using host bridge windows from ACPI; if necessary, use "pci=nocrs" and report a bug
[    0.570305] ACPI: PCI Root Bridge [PCI0] (domain 0000 [bus 00-ff])
[    0.573038] acpi PNP0A03:00: _OSC: OS supports [ASPM ClockPM Segments MSI]
[    0.575942] acpi PNP0A03:00: _OSC: not requesting OS control; OS requires [ExtendedConfig ASPM ClockPM MSI]
[    0.579875] acpi PNP0A03:00: fail to add MMCONFIG information, can't access extended PCI configuration space under this bridge.
[    0.585985] PCI host bridge to bus 0000:00
[    0.588614] pci_bus 0000:00: root bus resource [io  0x0000-0x0cf7 window]
[    0.592521] pci_bus 0000:00: root bus resource [io  0x0d00-0xffff window]
[    0.596459] pci_bus 0000:00: root bus resource [mem 0x000a0000-0x000bffff window]
[    0.600629] pci_bus 0000:00: root bus resource [mem 0x40000000-0xfdffffff window]
[    0.605817] pci_bus 0000:00: root bus resource [bus 00-ff]
[    0.616559] pci 0000:00:01.1: legacy IDE quirk: reg 0x10: [io  0x01f0-0x01f7]
[    0.620548] pci 0000:00:01.1: legacy IDE quirk: reg 0x14: [io  0x03f6]
[    0.624339] pci 0000:00:01.1: legacy IDE quirk: reg 0x18: [io  0x0170-0x0177]
[    0.628635] pci 0000:00:01.1: legacy IDE quirk: reg 0x1c: [io  0x0376]
[    0.657194] pci 0000:00:07.0: quirk: [io  0x4000-0x403f] claimed by PIIX4 ACPI
[    0.660138] pci 0000:00:07.0: quirk: [io  0x4100-0x410f] claimed by PIIX4 SMB
[    0.680344] ACPI: PCI Interrupt Link [LNKA] (IRQs 5 9 10 *11)
[    0.683014] ACPI: PCI Interrupt Link [LNKB] (IRQs 5 9 *10 11)
[    0.685254] ACPI: PCI Interrupt Link [LNKC] (IRQs 5 *9 10 11)
[    0.687736] ACPI: PCI Interrupt Link [LNKD] (IRQs 5 9 10 *11)
[    0.690277] ACPI: Enabled 2 GPEs in block 00 to 07
[    0.692597] vgaarb: setting as boot device: PCI:0000:00:02.0
[    0.694293] vgaarb: device added: PCI:0000:00:02.0,decodes=io+mem,owns=io+mem,locks=none
[    0.696780] vgaarb: loaded
[    0.697684] vgaarb: bridge control possible 0000:00:02.0
[    0.699891] SCSI subsystem initialized
[    0.701750] ACPI: bus type USB registered
[    0.703030] usbcore: registered new interface driver usbfs
[    0.704659] usbcore: registered new interface driver hub
[    0.706220] usbcore: registered new device driver usb
[    0.709821] PCI: Using ACPI for IRQ routing
[    0.711571] NetLabel: Initializing
[    0.713048] NetLabel:  domain hash size = 128
[    0.714422] NetLabel:  protocols = UNLABELED CIPSOv4
[    0.715904] NetLabel:  unlabeled traffic allowed by default
[    0.717741] amd_nb: Cannot enumerate AMD northbridges
[    0.719590] clocksource: Switched to clocksource kvm-clock
[    0.730076] AppArmor: AppArmor Filesystem Enabled
[    0.731877] pnp: PnP ACPI init
[    0.734161] pnp: PnP ACPI: found 3 devices
[    0.744862] clocksource: acpi_pm: mask: 0xffffff max_cycles: 0xffffff, max_idle_ns: 2085701024 ns
[    0.747930] NET: Registered protocol family 2
[    0.749665] TCP established hash table entries: 8192 (order: 4, 65536 bytes)
[    0.752124] TCP bind hash table entries: 8192 (order: 5, 131072 bytes)
[    0.754532] TCP: Hash tables configured (established 8192 bind 8192)
[    0.756958] UDP hash table entries: 512 (order: 2, 16384 bytes)
[    0.759061] UDP-Lite hash table entries: 512 (order: 2, 16384 bytes)
[    0.760928] NET: Registered protocol family 1
[    0.762259] pci 0000:00:00.0: Limiting direct PCI/PCI transfers
[    0.764026] pci 0000:00:01.0: Activating ISA DMA hang workarounds
[    0.765967] Unpacking initramfs...
[    1.000797] Freeing initrd memory: 15364K
[    1.002689] platform rtc_cmos: registered platform RTC device (no PNP device found)
[    1.005534] Scanning for low memory corruption every 60 seconds
[    1.007821] audit: initializing netlink subsys (disabled)
[    1.009657] audit: type=2000 audit(1552826736.231:1): initialized
[    1.012038] Initialise system trusted keyring
[    1.013805] HugeTLB registered 2 MB page size, pre-allocated 0 pages
[    1.016818] zbud: loaded
[    1.018025] VFS: Disk quotas dquot_6.6.0
[    1.019260] VFS: Dquot-cache hash table entries: 512 (order 0, 4096 bytes)
[    1.021706] squashfs: version 4.0 (2009/01/31) Phillip Lougher
[    1.024182] fuse init (API version 7.23)
[    1.025830] Key type big_key registered
[    1.027042] Allocating IMA MOK and blacklist keyrings.
[    1.030110] Key type asymmetric registered
[    1.031701] Asymmetric key parser 'x509' registered
[    1.033431] Block layer SCSI generic (bsg) driver version 0.4 loaded (major 249)
[    1.035867] io scheduler noop registered
[    1.037085] io scheduler deadline registered (default)
[    1.038618] io scheduler cfq registered
[    1.039888] pci_hotplug: PCI Hot Plug PCI Core version: 0.5
[    1.041755] pciehp: PCI Express Hot Plug Controller Driver version: 0.4
[    1.044004] ACPI: AC Adapter [AC] (off-line)
[    1.045817] input: Power Button as /devices/LNXSYSTM:00/LNXPWRBN:00/input/input0
[    1.048116] ACPI: Power Button [PWRF]
[    1.049349] input: Sleep Button as /devices/LNXSYSTM:00/LNXSLPBN:00/input/input1
[    1.051620] ACPI: Sleep Button [SLPF]
[    1.053476] GHES: HEST is not enabled!
[    1.054930] ACPI: Battery Slot [BAT0] (battery present)
 	
 !"#$%&'()*+,-./0123456789:;<=>?@ABCDEFGHIJKLMNOPQRSTUVWXYZ[\]^_`opqrstuvwxyz{|}~Äèêëíìîïñóòôöõúùûü†ÆØ∞±≤≥¥µ∂∑∏π∫ªºΩæøÕŒœ–—“”‘’÷◊ÿŸ⁄€‹›ﬁÏÌÓÔÒÚÛÙıˆ˜¯˘˙˚¸˝˛ˇ[    1.055647] Serial: 8250/16550 driver, 32 ports, IRQ sharing enabled
[    1.079146] 00:02: ttyS0 at I/O 0x3f8 (irq = 4, base_baud = 115200) is a 16550A
[    1.082008] Linux agpgart interface v0.103
[    1.088474] loop: module loaded
[    1.090659] scsi host0: ata_piix
[    1.092328] scsi host1: ata_piix
[    1.093495] ata1: PATA max UDMA/33 cmd 0x1f0 ctl 0x3f6 bmdma 0xd000 irq 14
[    1.095409] ata2: PATA max UDMA/33 cmd 0x170 ctl 0x376 bmdma 0xd008 irq 15
[    1.097474] libphy: Fixed MDIO Bus: probed
[    1.098936] tun: Universal TUN/TAP device driver, 1.6
[    1.100458] tun: (C) 1999-2004 Max Krasnyansky <maxk@qualcomm.com>
[    1.102835] PPP generic driver version 2.4.2
[    1.104225] ehci_hcd: USB 2.0 'Enhanced' Host Controller (EHCI) Driver
[    1.106085] ehci-pci: EHCI PCI platform driver
[    1.108192] ehci-platform: EHCI generic platform driver
[    1.109720] ohci_hcd: USB 1.1 'Open' Host Controller (OHCI) Driver
[    1.111787] ohci-pci: OHCI PCI platform driver
[    1.113480] ohci-platform: OHCI generic platform driver
[    1.115015] uhci_hcd: USB Universal Host Controller Interface driver
[    1.116934] i8042: PNP: PS/2 Controller [PNP0303:PS2K,PNP0f03:PS2M] at 0x60,0x64 irq 1,12
[    1.119808] serio: i8042 KBD port at 0x60,0x64 irq 1
[    1.121383] serio: i8042 AUX port at 0x60,0x64 irq 12
[    1.123106] mousedev: PS/2 mouse device common for all mice
[    1.125039] input: AT Translated Set 2 keyboard as /devices/platform/i8042/serio0/input/input2
[    1.128025] rtc_cmos rtc_cmos: rtc core: registered rtc_cmos as rtc0
[    1.129873] rtc_cmos rtc_cmos: alarms up to one day, 114 bytes nvram
[    1.131903] i2c /dev entries driver
[    1.133610] device-mapper: uevent: version 1.0.3
[    1.135067] device-mapper: ioctl: 4.34.0-ioctl (2015-10-28) initialised: dm-devel@redhat.com
[    1.137634] ledtrig-cpu: registered to indicate activity on CPUs
[    1.139723] NET: Registered protocol family 10
[    1.141240] NET: Registered protocol family 17
[    1.142588] Key type dns_resolver registered
[    1.144510] registered taskstats version 1
[    1.146090] Loading compiled-in X.509 certificates
[    1.148042] Loaded X.509 cert 'Build time autogenerated kernel key: bff73e56bc0efa7435b2a24f5427674623f1be80'
[    1.151191] zswap: loaded using pool lzo/zbud
[    1.154790] Key type trusted registered
[    1.159185] Key type encrypted registered
[    1.160457] AppArmor: AppArmor sha1 policy hashing enabled
[    1.162047] ima: No TPM chip found, activating TPM-bypass!
[    1.163645] ima: Allocated hash algorithm: sha1
[    1.165428] evm: HMAC attrs: 0x1
[    1.167205]   Magic number: 11:765:784
[    1.168499] rtc_cmos rtc_cmos: setting system clock to 2019-03-17 12:45:29 UTC (1552826729)
[    1.171812] BIOS EDD facility v0.16 2004-Jun-25, 0 devices found
[    1.173536] EDD information not available.
[    1.253511] Freeing unused kernel memory: 1484K
[    1.255485] Write protecting the kernel read-only data: 14336k
[    1.257988] Freeing unused kernel memory: 1624K
[    1.259855] Freeing unused kernel memory: 92K
Loading, please wait...
starting version 229
[    1.276522] random: systemd-udevd: uninitialized urandom read (16 bytes read, 3 bits of entropy available)
[    1.277230] random: udevadm: uninitialized urandom read (16 bytes read, 3 bits of entropy available)
[    1.277257] random: udevadm: uninitialized urandom read (16 bytes read, 3 bits of entropy available)
[    1.285510] random: systemd-udevd: uninitialized urandom read (16 bytes read, 3 bits of entropy available)
[    1.286296] random: udevadm: uninitialized urandom read (16 bytes read, 3 bits of entropy available)
[    1.286346] random: udevadm: uninitialized urandom read (16 bytes read, 3 bits of entropy available)
[    1.286507] random: udevadm: uninitialized urandom read (16 bytes read, 3 bits of entropy available)
[    1.286634] random: udevadm: uninitialized urandom read (16 bytes read, 3 bits of entropy available)
[    1.286735] random: udevadm: uninitialized urandom read (16 bytes read, 3 bits of entropy available)
[    1.286846] random: udevadm: uninitialized urandom read (16 bytes read, 3 bits of entropy available)
[    1.334565] e1000: Intel(R) PRO/1000 Network Driver - version 7.3.21-k8-NAPI
[    1.337264] e1000: Copyright (c) 1999-2006 Intel Corporation.
[    1.341630] Fusion MPT base driver 3.04.20
[    1.343430] Copyright (c) 1999-2008 LSI Corporation
[    1.349051] Fusion MPT SPI Host driver 3.04.20
[    1.367477] AVX2 version of gcm_enc/dec engaged.
[    1.369301] AES CTR mode by8 optimization enabled
[    1.561999] input: ImExPS/2 Generic Explorer Mouse as /devices/platform/i8042/serio1/input/input4
[    1.846311] e1000 0000:00:03.0 eth0: (PCI:33MHz:32-bit) 02:a9:46:80:4d:77
[    1.848773] e1000 0000:00:03.0 eth0: Intel(R) PRO/1000 Network Connection
[    1.851592] mptbase: ioc0: Initiating bringup
[    1.852474] e1000 0000:00:03.0 enp0s3: renamed from eth0
[    1.916206] ioc0: LSI53C1030 A0: Capabilities={Initiator}
[    1.999756] tsc: Refined TSC clocksource calibration: 2904.014 MHz
[    2.002405] clocksource: tsc: mask: 0xffffffffffffffff max_cycles: 0x29dc13283e8, max_idle_ns: 440795279359 ns
[    2.084673] scsi host2: ioc0: LSI53C1030 A0, FwRev=00000000h, Ports=1, MaxQ=256, IRQ=20
[    2.200710] scsi 2:0:0:0: Direct-Access     VBOX     HARDDISK         1.0  PQ: 0 ANSI: 5
[    2.204318] scsi target2:0:0: Beginning Domain Validation
[    2.209160] scsi target2:0:0: Domain Validation skipping write tests
[    2.211618] scsi target2:0:0: Ending Domain Validation
[    2.213840] scsi target2:0:0: asynchronous
[    2.215932] scsi 2:0:1:0: Direct-Access     VBOX     HARDDISK         1.0  PQ: 0 ANSI: 5
[    2.219169] scsi target2:0:1: Beginning Domain Validation
[    2.222170] scsi target2:0:1: Domain Validation skipping write tests
[    2.224216] scsi target2:0:1: Ending Domain Validation
[    2.225935] scsi target2:0:1: asynchronous
[    2.233755] sd 2:0:0:0: Attached scsi generic sg0 type 0
[    2.235492] sd 2:0:0:0: [sda] 20971520 512-byte logical blocks: (10.7 GB/10.0 GiB)
[    2.246988] sd 2:0:1:0: Attached scsi generic sg1 type 0
[    2.249394] sd 2:0:1:0: [sdb] 20480 512-byte logical blocks: (10.5 MB/10.0 MiB)
[    2.252440] sd 2:0:0:0: [sda] Write Protect is off
[    2.254155] sd 2:0:1:0: [sdb] Write Protect is off
[    2.256214] sd 2:0:0:0: [sda] Incomplete mode parameter data
[    2.257954] sd 2:0:0:0: [sda] Assuming drive cache: write through
[    2.259843] sd 2:0:1:0: [sdb] Incomplete mode parameter data
[    2.259844] sd 2:0:1:0: [sdb] Assuming drive cache: write through
[    2.265109] sd 2:0:1:0: [sdb] Attached SCSI disk
[    2.269575]  sda: sda1
[    2.271234] sd 2:0:0:0: [sda] Attached SCSI disk
Begin: Loading essential drivers ... [    3.625065] md: linear personality registered for level -1
[    3.629799] md: multipath personality registered for level -4
[    3.634287] md: raid0 personality registered for level 0
[    3.641861] md: raid1 personality registered for level 1
[    3.711630] raid6: sse2x1   gen() 10120 MB/s
[    3.780841] raid6: sse2x1   xor()  8092 MB/s
[    3.847964] raid6: sse2x2   gen() 13250 MB/s
[    3.919227] raid6: sse2x2   xor()  9214 MB/s
[    3.987727] raid6: sse2x4   gen()  6116 MB/s
[    4.055960] raid6: sse2x4   xor()  9354 MB/s
[    4.123663] raid6: avx2x1   gen() 17339 MB/s
[    4.191637] raid6: avx2x2   gen() 21513 MB/s
[    4.259623] raid6: avx2x4   gen() 23374 MB/s
[    4.263298] raid6: using algorithm avx2x4 gen() 23374 MB/s
[    4.266385] raid6: using avx2x2 recovery algorithm
[    4.270017] xor: automatically using best checksumming function:
[    4.312161]    avx       : 23726.000 MB/sec
[    4.315084] async_tx: api initialized (async)
[    4.330428] md: raid6 personality registered for level 6
[    4.332383] md: raid5 personality registered for level 5
[    4.334032] md: raid4 personality registered for level 4
[    4.342283] md: raid10 personality registered for level 10
done.
Begin: Running /scripts/init-premount ... done.
Begin: Mounting root file system ... Begin: Running /scripts/local-top ... done.
Begin: Running /scripts/local-premount ... [    4.375864] Btrfs loaded
Scanning for Btrfs filesystems
done.
Warning: fsck not present, so skipping root file system
[    4.421327] EXT4-fs (sda1): INFO: recovery required on readonly filesystem
[    4.423904] EXT4-fs (sda1): write access will be enabled during recovery
[    4.477616] EXT4-fs (sda1): orphan cleanup on readonly fs
[    4.481994] EXT4-fs (sda1): 6 orphan inodes deleted
[    4.483774] EXT4-fs (sda1): recovery complete
[    4.486084] EXT4-fs (sda1): mounted filesystem with ordered data mode. Opts: (null)
done.
Begin: Running /scripts/local-bottom ... done.
Begin: Running /scripts/init-bottom ... done.
[    4.803234] systemd[1]: systemd 229 running in system mode. (+PAM +AUDIT +SELINUX +IMA +APPARMOR +SMACK +SYSVINIT +UTMP +LIBCRYPTSETUP +GCRYPT +GNUTLS +ACL +XZ -LZ4 +SECCOMP +BLKID +ELFUTILS +KMOD -IDN)
[    4.808546] systemd[1]: Detected virtualization oracle.
[    4.810273] systemd[1]: Detected architecture x86-64.

Welcome to [1mUbuntu 16.04.5 LTS[0m!

[    4.816873] systemd[1]: Set hostname to <ubuntu-xenial>.
[    5.183953] systemd[1]: Listening on Device-mapper event daemon FIFOs.
[[0;32m  OK  [0m] Listening on Device-mapper event daemon FIFOs.
[    5.187662] systemd[1]: Set up automount Arbitrary Executable File Formats File System Automount Point.
[[0;32m  OK  [0m] Set up automount Arbitrary Executab...ats File System Automount Point.
[    5.193117] systemd[1]: Started Trigger resolvconf update for networkd DNS.
[[0;32m  OK  [0m] Started Trigger resolvconf update for networkd DNS.
[    5.196742] systemd[1]: Reached target Encrypted Volumes.
[[0;32m  OK  [0m] Reached target Encrypted Volumes.
[    5.200441] systemd[1]: Listening on Journal Socket (/dev/log).
[[0;32m  OK  [0m] Listening on Journal Socket (/dev/log).
[    5.212130] systemd[1]: Listening on Syslog Socket.
[[0;32m  OK  [0m] Listening on Syslog Socket.
[    5.215911] systemd[1]: Reached target Swap.
[[0;32m  OK  [0m] Reached target Swap.
[    5.218761] systemd[1]: Listening on Journal Socket.
[[0;32m  OK  [0m] Listening on Journal Socket.
[    5.222128] systemd[1]: Started Forward Password Requests to Wall Directory Watch.
[[0;32m  OK  [0m] Started Forward Password Requests to Wall Directory Watch.
[    5.226229] systemd[1]: Listening on udev Kernel Socket.
[[0;32m  OK  [0m] Listening on udev Kernel Socket.
[    5.229474] systemd[1]: Listening on LVM2 metadata daemon socket.
[[0;32m  OK  [0m] Listening on LVM2 metadata daemon socket.
[    5.233022] systemd[1]: Reached target System Time Synchronized.
[[0;32m  OK  [0m] Reached target System Time Synchronized.
[    5.236540] systemd[1]: Listening on LVM2 poll daemon socket.
[[0;32m  OK  [0m] Listening on LVM2 poll daemon socket.
[    5.239925] systemd[1]: Listening on udev Control Socket.
[[0;32m  OK  [0m] Listening on udev Control Socket.
[    5.243391] systemd[1]: Listening on Journal Audit Socket.
[[0;32m  OK  [0m] Listening on Journal Audit Socket.
[    5.247314] systemd[1]: Created slice User and Session Slice.
[[0;32m  OK  [0m] Created slice User and Session Slice.
[    5.251021] systemd[1]: Listening on /dev/initctl Compatibility Named Pipe.
[[0;32m  OK  [0m] Listening on /dev/initctl Compatibility Named Pipe.
[    5.255434] systemd[1]: Reached target User and Group Name Lookups.
[[0;32m  OK  [0m] Reached target User and Group Name Lookups.
[    5.259238] systemd[1]: Created slice System Slice.
[[0;32m  OK  [0m] Created slice System Slice.
[    5.262521] systemd[1]: Created slice system-serial\x2dgetty.slice.
[[0;32m  OK  [0m] Created slice system-serial\x2dgetty.slice.
[    5.276812] systemd[1]: Starting Remount Root and Kernel File Systems...
         Starting Remount Root and Kernel File Systems...
[    5.283869] systemd[1]: Mounting Debug File System...
         Mounting Debug File System...
[    5.289903] systemd[1]: Starting Create list of required static device nodes for the current kernel...
         Starting Create list of required st... nodes for the current kernel...
[    5.299495] systemd[1]: Starting Nameserver information manager...
         Starting Nameserver information manager...
[    5.305637] systemd[1]: Mounting POSIX Message Queue File System...
[    5.306907] random: nonblocking pool is initialized
         Mounting POSIX Message Queue File System...
[    5.314957] systemd[1]: Mounting Huge Pages File System...
         Mounting Huge Pages File System...
[    5.322387] systemd[1]: Starting Monitoring of LVM2 mirrors, snapshots etc. using dmeventd or progress polling...
[    5.322751] EXT4-fs (sda1): re-mounted. Opts: (null)
         Starting Monitoring of LVM2 mirrors... dmeventd or progress polling...
[    5.332031] systemd[1]: Starting Uncomplicated firewall...
         Starting Uncomplicated firewall...
[    5.340970] systemd[1]: Starting Set console keymap...
         Starting Set console keymap...
[    5.376323] systemd[1]: Starting Load Kernel Modules...
         Starting Load Kernel Modules...
[    5.382031] systemd[1]: Starting Journal Service...
         Starting Journal Service...
[    5.386233] systemd[1]: Reached target Slices.
[[0;32m  OK  [0m] Reached target Slices.
[    5.389875] systemd[1]: Mounted Huge Pages File System.
[[0;32m  OK  [0m] Mounted Huge Pages File System.
[    5.394564] systemd[1]: Mounted Debug File System.
[[0;32m  OK  [0m] Mounted Debug File System.
[    5.397900] systemd[1]: Mounted POSIX Message Queue File System.
[[0;32m  OK  [0m] Mounted POSIX Message Queue File System.
[    5.402117] systemd[1]: Started Remount Root and Kernel File Systems.
[[0;32m  OK  [0m] Started Remount Root and Kernel File Systems.
[    5.408168] systemd[1]: Started Create list of required static device nodes for the current kernel.
[[0;32m  OK  [0m] Started Create list of required sta...ce nodes for the current kernel.
[    5.425396] systemd[1]: Started Uncomplicated firewall.
[[0;32m  OK  [0m] Started Uncomplicated firewall.
[    5.464220] systemd[1]: Started Nameserver information manager.
[[0;32m  OK  [0m] Started Nameserver information manager.
[    5.469729] Loading iSCSI transport class v2.0-870.
[    5.479027] systemd[1]: Starting Create Static Device Nodes in /dev...
         Starting Create Static Device Nodes in /dev...
[    5.528276] systemd[1]: Starting udev Coldplug all Devices...
[    5.531495] iscsi: registered transport (tcp)
         Starting udev Coldplug all Devices...
[    5.538338] systemd[1]: Starting Load/Save Random Seed...
         Starting Load/Save Random Seed...
[    5.543951] systemd[1]: Started Set console keymap.
[[0;32m  OK  [0m] Started Set console keymap.
[    5.556199] systemd[1]: Started Journal Service.
[[0;32m  OK  [0m] Started Journal Service.
         Starting Flush Journal to Persistent Storage...
[[0;32m  OK  [0m] Started LVM2 metadata daemon.
[[0;32m  OK  [0m] Started Load/Save Random Seed.
[[0;32m  OK  [0m] Started udev Coldplug all Devices.
[    5.635542] systemd-journald[407]: Received request to flush runtime journal from PID 1
[[0;32m  OK  [0m] Started Flush Journal to Persistent Storage.
[    5.684175] iscsi: registered transport (iser)
[[0;32m  OK  [0m] Started Load Kernel Modules.
         Mounting FUSE Control File System...
         Starting Apply Kernel Variables...
[[0;32m  OK  [0m] Mounted FUSE Control File System.
[[0;32m  OK  [0m] Started Create Static Device Nodes in /dev.
[[0;32m  OK  [0m] Started Apply Kernel Variables.
         Starting udev Kernel Device Manager...
[[0;32m  OK  [0m] Started Monitoring of LVM2 mirrors,...ng dmeventd or progress polling.
[[0;32m  OK  [0m] Reached target Local File Systems (Pre).
[[0;32m  OK  [0m] Reached target Local File Systems.
         Starting Set console font and keymap...
         Starting Initial cloud-init job (pre-networking)...
         Starting Tell Plymouth To Write Out Runtime Data...
         Starting Create Volatile Files and Directories...
         Starting LSB: AppArmor initialization...
[[0;32m  OK  [0m] Started udev Kernel Device Manager.
[[0;32m  OK  [0m] Started Dispatch Password Requests to Console Directory Watch.
[[0;32m  OK  [0m] Started Tell Plymouth To Write Out Runtime Data.
[[0;32m  OK  [0m] Started Create Volatile Files and Directories.
         Starting Update UTMP about System Boot/Shutdown...
[[0;32m  OK  [0m] Started Update UTMP about System Boot/Shutdown.
[[0;32m  OK  [0m] Found device /dev/ttyS0.
[[0;32m  OK  [0m] Listening on Load/Save RF Kill Switch Status /dev/rfkill Watch.
[[0;32m  OK  [0m] Found device 82540EM Gigabit Ethern...r (PRO/1000 MT Desktop Adapter).
[[0;32m  OK  [0m] Started Set console font and keymap.
[[0;32m  OK  [0m] Created slice system-getty.slice.
[[0;32m  OK  [0m] Started LSB: AppArmor initialization.
[    8.674827] cloud-init[491]: Cloud-init v. 18.4-0ubuntu1~16.04.2 running 'init-local' at Sun, 17 Mar 2019 12:45:36 +0000. Up 8.26 seconds.
[[0;32m  OK  [0m] Started Initial cloud-init job (pre-networking).
[[0;32m  OK  [0m] Reached target Network (Pre).
[[0;32m  OK  [0m] Started ifup for enp0s3.
         Starting Raise network interfaces...
[[0;32m  OK  [0m] Started Raise network interfaces.
         Starting Initial cloud-init job (metadata service crawler)...
[[0;32m  OK  [0m] Reached target Network.
[   10.500114] cloud-init[971]: Cloud-init v. 18.4-0ubuntu1~16.04.2 running 'init' at Sun, 17 Mar 2019 12:45:38 +0000. Up 9.61 seconds.
[   10.512991] cloud-init[971]: ci-info: ++++++++++++++++++++++++++++++++++++++Net device info++++++++++++++++++++++++++++++++++++++
[   10.536429] cloud-init[971]: ci-info: +--------+------+----------------------------+---------------+--------+-------------------+
[   10.555155] cloud-init[971]: ci-info: | Device |  Up  |          Address           |      Mask     | Scope  |     Hw-Address    |
[   10.564689] cloud-init[971]: ci-info: +--------+------+----------------------------+---------------+--------+-------------------+
[   10.569812] cloud-init[971]: ci-info: | enp0s3 | True |         10.0.2.15          | 255.255.255.0 | global | 02:a9:46:80:4d:77 |
[   10.577023] cloud-init[971]: ci-info: | enp0s3 | True | fe80::a9:46ff:fe80:4d77/64 |       .       |  link  | 02:a9:46:80:4d:77 |
[   10.589075] cloud-init[971]: ci-info: |   lo   | True |         127.0.0.1          |   255.0.0.0   |  host  |         .         |
[   10.601484] cloud-init[971]: ci-info: |   lo   | True |          ::1/128           |       .       |  host  |         .         |
[   10.609951] cloud-init[971]: ci-info: +--------+------+----------------------------+---------------+--------+-------------------+
[[0;32m  OK  [0m] Started Initial cloud-init job (metadata service crawler).
[   10.610669] cloud-init[971]: ci-info: +++++++++++++++++++++++++++Route IPv4 info++++++++++++++++++++++++++++
[   10.631389] cloud-init[971]: ci-info: +-------+-------------+----------+---------------+-----------+-------+
[   10.641882] [[0;32m  OK  [0m] Reached target System Initialization.
cloud-init[971]: ci-info: | Route | Destination | Gateway  |    Genmask    | Interface | Flags |
[   10.652786] cloud-init[971]: ci-info: +-------+-------------+----------+---------------+-----------+-------+[[0;32m  OK  [0m] Started Daily Cleanup of Temporary Directories.
[[0;32m  OK  [0m] Listening on D-Bus System Message Bus Socket.

[   10.666698] cloud-init[971]: ci-info: |   0   |   0.0.0.0   | 10.0.2.2 |    0.0.0.0    |   enp0s3  |   UG  |
[   10.672931] cloud-init[971]: ci-info: |   1   |   10.0.2.0  | 0.0.0.0  | 255.255.255.0 |   enp0s3  |   U   |
[   10.679126] [[0;32m  OK  [0m] Started Daily apt download activities.
[[0;32m  OK  [0m] Started Daily apt upgrade and clean activities.
[[0;32m  OK  [0m] Reached target Timers.
[[0;32m  OK  [0m] Listening on UUID daemon activation socket.
[[0;32m  OK  [0m] Listening on ACPID Listen Socket.
cloud-init[971]: ci-info: +-------+-------------+----------+---------------+-----------+-------+
[   10.696724] cloud-init[971]: ci-info: +++++++++++++++++++Route IPv6 info+++++++++++++++++++
[   10.699947] cloud-init[971]: ci-info: +-------+-------------+---------+-----------+-------+         Starting Socket activation for snappy daemon.

[   10.720564] cloud-init[971]: ci-info: | Route | Destination | Gateway | Interface | Flags |
[   10.723630] [[0;32m  OK  [0m] Started ACPI Events Check.
[[0;32m  OK  [0m] Reached target Paths.
cloud-init[971]: ci-info: +-------+-------------+---------+-----------+-------+
[   10.729552] cloud-init[971]: ci-info: |   0   |  fe80::/64  |    ::   |   enp0s3  |   U   |
         Starting LXD - unix socket.
[[0;32m  OK  [0m] Reached target Cloud-config availability.
[   10.743106] cloud-init[971]: ci-info: |   3   |   ff00::/8  |    ::   |   enp0s3  |   U   |
[[0;32m  OK  [0m] Reached target Network is Online.
[   10.762227] cloud-init[971]: ci-info: +-------+-------------+---------+-----------+-------+
         Starting iSCSI initiator daemon (iscsid)...
[[0;32m  OK  [0m] Listening on Socket activation for snappy daemon.
[[0;32m  OK  [0m] Listening on LXD - unix socket.
[[0;32m  OK  [0m] Reached target Sockets.
[[0;32m  OK  [0m] Reached target Basic System.
[[0;32m  OK  [0m] Started D-Bus System Message Bus.
         Starting Accounts Service...
[[0;32m  OK  [0m] Started Unattended Upgrades Shutdown.
[[0;32m  OK  [0m] Started ACPI event daemon.
         Starting System Logging Service...
         Starting LXD - container startup/shutdown...
         Starting LSB: MD monitoring daemon...
         Starting Login Service...
[[0;32m  OK  [0m] Started Deferred execution scheduler.
         Starting LSB: Record successful boot for GRUB...
[[0;32m  OK  [0m] Started FUSE filesystem for LXC.
         Starting Virtualbox guest utils...
         Starting /etc/rc.local Compatibility...
         Starting OpenBSD Secure Shell server...
[[0;32m  OK  [0m] Started Regular background program processing daemon.
         Starting Snappy daemon...
[[0;32m  OK  [0m] Started iSCSI initiator daemon (iscsid).
[[0;32m  OK  [0m] Started /etc/rc.local Compatibility.
[[0;32m  OK  [0m] Started Login Service.
         Starting Login to default iSCSI targets...
[[0;32m  OK  [0m] Started System Logging Service.
[[0;32m  OK  [0m] Started LSB: Record successful boot for GRUB.
[[0;32m  OK  [0m] Started LSB: MD monitoring daemon.
[[0;32m  OK  [0m] Started Login to default iSCSI targets.
[[0;32m  OK  [0m] Reached target Remote File Systems (Pre).
[[0;32m  OK  [0m] Reached target Remote File Systems.
         Starting LSB: daemon to balance interrupts for SMP systems...
         Starting LSB: Apache2 web server...
         Starting LSB: Set the CPU Frequency Scaling governor to "ondemand"...
         Starting Permit User Sessions...
         Starting LSB: automatic crash report generation...
[[0;32m  OK  [0m] Started Permit User Sessions.
         Starting Terminate Plymouth Boot Screen...
         Starting Hold until boot process finishes up...
[[0;32m  OK  [0m] Started LSB: Set the CPU Frequency Scaling governor to "ondemand".
[[0;32m  OK  [0m] Started Terminate Plymouth Boot Screen.
[[0;32m  OK  [0m] Started Hold until boot process finishes up.
[[0;32m  OK  [0m] Started LSB: daemon to balance interrupts for SMP systems.
[[0;32m  OK  [0m] Started OpenBSD Secure Shell server.
         Starting Authenticate and Authorize Users to Run Privileged Tasks...
[[0;32m  OK  [0m] Started Getty on tty1.
[[0;32m  OK  [0m] Started Serial Getty on ttyS0.
[[0;32m  OK  [0m] Reached target Login Prompts.
         Starting Set console scheme...
[[0;32m  OK  [0m] Started Virtualbox guest utils.
[[0;32m  OK  [0m] Started Set console scheme.
[[0;32m  OK  [0m] Started LSB: automatic crash report generation.
[[0;32m  OK  [0m] Started Authenticate and Authorize Users to Run Privileged Tasks.
[[0;32m  OK  [0m] Started Accounts Service.
[[0;32m  OK  [0m] Created slice User Slice of vagrant.
         Starting User Manager for UID 1000...
[[0;32m  OK  [0m] Started Session 1 of user vagrant.
[[0;32m  OK  [0m] Started User Manager for UID 1000.
[[0;32m  OK  [0m] Started LXD - container startup/shutdown.
[[0;32m  OK  [0m] Started Snappy daemon.
         Starting Wait until snapd is fully seeded...
[[0;32m  OK  [0m] Started Wait until snapd is fully seeded.
         Starting Apply the settings specified in cloud-config...
[[0;32m  OK  [0m] Started LSB: Apache2 web server.
[[0;32m  OK  [0m] Reached target Multi-User System.
[[0;32m  OK  [0m] Reached target Graphical Interface.
         Starting Update UTMP about System Runlevel Changes...
[[0;32m  OK  [0m] Started Update UTMP about System Runlevel Changes.
[   14.542417] cloud-init[1361]: Cloud-init v. 18.4-0ubuntu1~16.04.2 running 'modules:config' at Sun, 17 Mar 2019 12:45:42 +0000. Up 13.97 seconds.
[[0;32m  OK  [0m] Started Apply the settings specified in cloud-config.
         Starting Execute cloud user/final scripts...
[   16.413764] cloud-init[1386]: Cloud-init v. 18.4-0ubuntu1~16.04.2 running 'modules:final' at Sun, 17 Mar 2019 12:45:44 +0000. Up 15.84 seconds.
[   16.444236] cloud-init[1386]: Cloud-init v. 18.4-0ubuntu1~16.04.2 finished at Sun, 17 Mar 2019 12:45:45 +0000. Datasource DataSourceNoCloud [seed=/dev/sdb][dsmode=net].  Up 16.38 seconds
[[0;32m  OK  [0m] Started Execute cloud user/final scripts.
[[0;32m  OK  [0m] Reached target Cloud-init target.

Ubuntu 16.04.5 LTS ubuntu-xenial ttyS0

ubuntu-xenial login: 